[    0.000000] Initializing cgroup subsys cpuset
[    0.000000] Initializing cgroup subsys cpu
[    0.000000] Linux version 2.6.32-24-generic-pae (buildd@rothera) (gcc version 4.4.3 (Ubuntu 4.4.3-4ubuntu5) ) #39-Ubuntu SMP Wed Jul 28 07:39:26 UTC 2010 (Ubuntu 2.6.32-24.39-generic-pae 2.6.32.15+drm33.5)
[    0.000000] KERNEL supported cpus:
[    0.000000]   Intel GenuineIntel
[    0.000000]   AMD AuthenticAMD
[    0.000000]   NSC Geode by NSC
[    0.000000]   Cyrix CyrixInstead
[    0.000000]   Centaur CentaurHauls
[    0.000000]   Transmeta GenuineTMx86
[    0.000000]   Transmeta TransmetaCPU
[    0.000000]   UMC UMC UMC UMC
[    0.000000] BIOS-provided physical RAM map:
[    0.000000]  BIOS-e820: 0000000000000000 - 000000000008f000 (usable)
[    0.000000]  BIOS-e820: 000000000008f000 - 00000000000a0000 (reserved)
[    0.000000]  BIOS-e820: 00000000000e0000 - 0000000000100000 (reserved)
[    0.000000]  BIOS-e820: 0000000000100000 - 000000007f534000 (usable)
[    0.000000]  BIOS-e820: 000000007f534000 - 000000007f53c000 (reserved)
[    0.000000]  BIOS-e820: 000000007f53c000 - 000000007f5cd000 (usable)
[    0.000000]  BIOS-e820: 000000007f5cd000 - 000000007f5d1000 (reserved)
[    0.000000]  BIOS-e820: 000000007f5d1000 - 000000007f660000 (usable)
[    0.000000]  BIOS-e820: 000000007f660000 - 000000007f6f0000 (ACPI NVS)
[    0.000000]  BIOS-e820: 000000007f6f0000 - 000000007f6f3000 (usable)
[    0.000000]  BIOS-e820: 000000007f6f3000 - 000000007f6ff000 (ACPI data)
[    0.000000]  BIOS-e820: 000000007f6ff000 - 000000007f700000 (usable)
[    0.000000]  BIOS-e820: 000000007f700000 - 0000000080000000 (reserved)
[    0.000000]  BIOS-e820: 00000000f0000000 - 0000000100000000 (reserved)
[    0.000000] DMI 2.4 present.
[    0.000000] last_pfn = 0x7f700 max_arch_pfn = 0x1000000
[    0.000000] MTRR default type: uncachable
[    0.000000] MTRR fixed ranges enabled:
[    0.000000]   00000-9FFFF write-back
[    0.000000]   A0000-DFFFF uncachable
[    0.000000]   E0000-E0FFF write-protect
[    0.000000]   E1000-E7FFF uncachable
[    0.000000]   E8000-E8FFF write-protect
[    0.000000]   E9000-EFFFF uncachable
[    0.000000]   F0000-F0FFF write-protect
[    0.000000]   F1000-F7FFF uncachable
[    0.000000]   F8000-F8FFF write-protect
[    0.000000]   F9000-FFFFF uncachable
[    0.000000] MTRR variable ranges enabled:
[    0.000000]   0 base 000000000 mask 080000000 write-back
[    0.000000]   1 base 07F800000 mask 0FF800000 uncachable
[    0.000000]   2 base 07F700000 mask 0FFF00000 uncachable
[    0.000000]   3 disabled
[    0.000000]   4 disabled
[    0.000000]   5 disabled
[    0.000000]   6 disabled
[    0.000000]   7 disabled
[    0.000000] x86 PAT enabled: cpu 0, old 0x7040600070406, new 0x7010600070106
[    0.000000] e820 update range: 0000000000002000 - 0000000000006000 (usable) ==> (reserved)
[    0.000000] Scanning 1 areas for low memory corruption
[    0.000000] modified physical RAM map:
[    0.000000]  modified: 0000000000000000 - 0000000000002000 (usable)
[    0.000000]  modified: 0000000000002000 - 0000000000006000 (reserved)
[    0.000000]  modified: 0000000000006000 - 000000000008f000 (usable)
[    0.000000]  modified: 000000000008f000 - 00000000000a0000 (reserved)
[    0.000000]  modified: 00000000000e0000 - 0000000000100000 (reserved)
[    0.000000]  modified: 0000000000100000 - 000000007f534000 (usable)
[    0.000000]  modified: 000000007f534000 - 000000007f53c000 (reserved)
[    0.000000]  modified: 000000007f53c000 - 000000007f5cd000 (usable)
[    0.000000]  modified: 000000007f5cd000 - 000000007f5d1000 (reserved)
[    0.000000]  modified: 000000007f5d1000 - 000000007f660000 (usable)
[    0.000000]  modified: 000000007f660000 - 000000007f6f0000 (ACPI NVS)
[    0.000000]  modified: 000000007f6f0000 - 000000007f6f3000 (usable)
[    0.000000]  modified: 000000007f6f3000 - 000000007f6ff000 (ACPI data)
[    0.000000]  modified: 000000007f6ff000 - 000000007f700000 (usable)
[    0.000000]  modified: 000000007f700000 - 0000000080000000 (reserved)
[    0.000000]  modified: 00000000f0000000 - 0000000100000000 (reserved)
[    0.000000] initial memory mapped : 0 - 00e00000
[    0.000000] init_memory_mapping: 0000000000000000-00000000379fe000
[    0.000000] NX (Execute Disable) protection: active
[    0.000000]  0000000000 - 0000200000 page 4k
[    0.000000]  0000200000 - 0037800000 page 2M
[    0.000000]  0037800000 - 00379fe000 page 4k
[    0.000000] kernel direct mapping tables up to 379fe000 @ 7000-d000
[    0.000000] RAMDISK: 37863000 - 37fef744
[    0.000000] Allocated new RAMDISK: 0093f000 - 010cb744
[    0.000000] Move RAMDISK from 0000000037863000 - 0000000037fef743 to 0093f000 - 010cb743
[    0.000000] ACPI: RSDP 000fe020 00014 (v00 INTEL )
[    0.000000] ACPI: RSDT 7f6fd038 00038 (v01 INTEL  D945GLF2 0000008C      01000013)
[    0.000000] ACPI: FACP 7f6fc000 00074 (v01 INTEL  D945GLF2 0000008C MSFT 01000013)
[    0.000000] ACPI: DSDT 7f6f7000 045EC (v01 INTEL  D945GLF2 0000008C MSFT 01000013)
[    0.000000] ACPI: FACS 7f6a3000 00040
[    0.000000] ACPI: APIC 7f6f6000 00078 (v01 INTEL  D945GLF2 0000008C MSFT 01000013)
[    0.000000] ACPI: WDDT 7f6f5000 00040 (v01 INTEL  D945GLF2 0000008C MSFT 01000013)
[    0.000000] ACPI: MCFG 7f6f4000 0003C (v01 INTEL  D945GLF2 0000008C MSFT 01000013)
[    0.000000] ACPI: ASF! 7f6f3000 000A6 (v32 INTEL  D945GLF2 0000008C MSFT 01000013)
[    0.000000] ACPI: Local APIC address 0xfee00000
[    0.000000] 1149MB HIGHMEM available.
[    0.000000] 889MB LOWMEM available.
[    0.000000]   mapped low ram: 0 - 379fe000
[    0.000000]   low ram: 0 - 379fe000
[    0.000000]   node 0 low ram: 00000000 - 379fe000
[    0.000000]   node 0 bootmap 00009000 - 0000ff40
[    0.000000] (9 early reservations) ==> bootmem [0000000000 - 00379fe000]
[    0.000000]   #0 [0000000000 - 0000001000]   BIOS data page ==> [0000000000 - 0000001000]
[    0.000000]   #1 [0000001000 - 0000002000]    EX TRAMPOLINE ==> [0000001000 - 0000002000]
[    0.000000]   #2 [0000006000 - 0000007000]       TRAMPOLINE ==> [0000006000 - 0000007000]
[    0.000000]   #3 [0000100000 - 00009367f8]    TEXT DATA BSS ==> [0000100000 - 00009367f8]
[    0.000000]   #4 [000009fc00 - 0000100000]    BIOS reserved ==> [000009fc00 - 0000100000]
[    0.000000]   #5 [0000937000 - 000093e16e]              BRK ==> [0000937000 - 000093e16e]
[    0.000000]   #6 [0000007000 - 0000009000]          PGTABLE ==> [0000007000 - 0000009000]
[    0.000000]   #7 [000093f000 - 00010cb744]      NEW RAMDISK ==> [000093f000 - 00010cb744]
[    0.000000]   #8 [0000009000 - 0000010000]          BOOTMAP ==> [0000009000 - 0000010000]
[    0.000000] found SMP MP-table at [c00fe200] fe200
[    0.000000] Zone PFN ranges:
[    0.000000]   DMA      0x00000000 -> 0x00001000
[    0.000000]   Normal   0x00001000 -> 0x000379fe
[    0.000000]   HighMem  0x000379fe -> 0x0007f700
[    0.000000] Movable zone start PFN for each node
[    0.000000] early_node_map[7] active PFN ranges
[    0.000000]     0: 0x00000000 -> 0x00000002
[    0.000000]     0: 0x00000006 -> 0x0000008f
[    0.000000]     0: 0x00000100 -> 0x0007f534
[    0.000000]     0: 0x0007f53c -> 0x0007f5cd
[    0.000000]     0: 0x0007f5d1 -> 0x0007f660
[    0.000000]     0: 0x0007f6f0 -> 0x0007f6f3
[    0.000000]     0: 0x0007f6ff -> 0x0007f700
[    0.000000] On node 0 totalpages: 521699
[    0.000000] free_area_init_node: node 0, pgdat c07d8d80, node_mem_map c10cd000
[    0.000000]   DMA zone: 32 pages used for memmap
[    0.000000]   DMA zone: 0 pages reserved
[    0.000000]   DMA zone: 3947 pages, LIFO batch:0
[    0.000000]   Normal zone: 1748 pages used for memmap
[    0.000000]   Normal zone: 221994 pages, LIFO batch:31
[    0.000000]   HighMem zone: 2299 pages used for memmap
[    0.000000]   HighMem zone: 291679 pages, LIFO batch:31
[    0.000000] Using APIC driver default
[    0.000000] ACPI: PM-Timer IO Port: 0x408
[    0.000000] ACPI: Local APIC address 0xfee00000
[    0.000000] ACPI: LAPIC (acpi_id[0x01] lapic_id[0x00] enabled)
[    0.000000] ACPI: LAPIC (acpi_id[0x03] lapic_id[0x02] enabled)
[    0.000000] ACPI: LAPIC (acpi_id[0x02] lapic_id[0x01] enabled)
[    0.000000] ACPI: LAPIC (acpi_id[0x04] lapic_id[0x03] enabled)
[    0.000000] ACPI: LAPIC_NMI (acpi_id[0x01] dfl dfl lint[0x1])
[    0.000000] ACPI: LAPIC_NMI (acpi_id[0x02] dfl dfl lint[0x1])
[    0.000000] ACPI: IOAPIC (id[0x02] address[0xfec00000] gsi_base[0])
[    0.000000] IOAPIC[0]: apic_id 2, version 32, address 0xfec00000, GSI 0-23
[    0.000000] ACPI: INT_SRC_OVR (bus 0 bus_irq 0 global_irq 2 dfl dfl)
[    0.000000] ACPI: INT_SRC_OVR (bus 0 bus_irq 9 global_irq 9 high level)
[    0.000000] ACPI: IRQ0 used by override.
[    0.000000] ACPI: IRQ2 used by override.
[    0.000000] ACPI: IRQ9 used by override.
[    0.000000] Using ACPI (MADT) for SMP configuration information
[    0.000000] SMP: Allowing 4 CPUs, 0 hotplug CPUs
[    0.000000] nr_irqs_gsi: 24
[    0.000000] PM: Registered nosave memory: 0000000000002000 - 0000000000006000
[    0.000000] PM: Registered nosave memory: 000000000008f000 - 00000000000a0000
[    0.000000] PM: Registered nosave memory: 00000000000a0000 - 00000000000e0000
[    0.000000] PM: Registered nosave memory: 00000000000e0000 - 0000000000100000
[    0.000000] Allocating PCI resources starting at 80000000 (gap: 80000000:70000000)
[    0.000000] Booting paravirtualized kernel on bare hardware
[    0.000000] NR_CPUS:8 nr_cpumask_bits:8 nr_cpu_ids:4 nr_node_ids:1
[    0.000000] PERCPU: Embedded 15 pages/cpu @c2200000 s39480 r0 d21960 u524288
[    0.000000] pcpu-alloc: s39480 r0 d21960 u524288 alloc=1*2097152
[    0.000000] pcpu-alloc: [0] 0 1 2 3 
[    0.000000] Built 1 zonelists in Zone order, mobility grouping on.  Total pages: 517620
[    0.000000] Kernel command line: BOOT_IMAGE=/boot/vmlinuz-2.6.32-24-generic-pae root=UUID=ac7afa7c-bd96-4fda-8646-f64af14f7fb5 ro quiet
[    0.000000] PID hash table entries: 4096 (order: 2, 16384 bytes)
[    0.000000] Dentry cache hash table entries: 131072 (order: 7, 524288 bytes)
[    0.000000] Inode-cache hash table entries: 65536 (order: 6, 262144 bytes)
[    0.000000] Enabling fast FPU save and restore... done.
[    0.000000] Enabling unmasked SIMD FPU exception support... done.
[    0.000000] Initializing CPU#0
[    0.000000] allocated 10439680 bytes of page_cgroup
[    0.000000] please try 'cgroup_disable=memory' option if you don't want memory cgroups
[    0.000000] Initializing HighMem for node 0 (000379fe:0007f700)
[    0.000000] Memory: 2041840k/2087936k available (4832k kernel code, 43804k reserved, 2221k data, 676k init, 1175912k highmem)
[    0.000000] virtual kernel memory layout:
[    0.000000]     fixmap  : 0xfff1d000 - 0xfffff000   ( 904 kB)
[    0.000000]     pkmap   : 0xffa00000 - 0xffc00000   (2048 kB)
[    0.000000]     vmalloc : 0xf81fe000 - 0xff9fe000   ( 120 MB)
[    0.000000]     lowmem  : 0xc0000000 - 0xf79fe000   ( 889 MB)
[    0.000000]       .init : 0xc07e4000 - 0xc088d000   ( 676 kB)
[    0.000000]       .data : 0xc05b821b - 0xc07e3828   (2221 kB)
[    0.000000]       .text : 0xc0100000 - 0xc05b821b   (4832 kB)
[    0.000000] Checking if this processor honours the WP bit even in supervisor mode...Ok.
[    0.000000] SLUB: Genslabs=13, HWalign=64, Order=0-3, MinObjects=0, CPUs=4, Nodes=1
[    0.000000] Hierarchical RCU implementation.
[    0.000000] NR_IRQS:2304 nr_irqs:440
[    0.000000] Console: colour VGA+ 80x25
[    0.000000] console [tty0] enabled
[    0.000000] Fast TSC calibration using PIT
[    0.000000] Detected 1596.080 MHz processor.
[    0.004010] Calibrating delay loop (skipped), value calculated using timer frequency.. 3192.16 BogoMIPS (lpj=6384320)
[    0.004050] Security Framework initialized
[    0.004099] AppArmor: AppArmor initialized
[    0.004117] Mount-cache hash table entries: 512
[    0.004380] Initializing cgroup subsys ns
[    0.004390] Initializing cgroup subsys cpuacct
[    0.004401] Initializing cgroup subsys memory
[    0.004415] Initializing cgroup subsys devices
[    0.004421] Initializing cgroup subsys freezer
[    0.004427] Initializing cgroup subsys net_cls
[    0.004468] CPU: L1 I cache: 32K, L1 D cache: 24K
[    0.004475] CPU: L2 cache: 512K
[    0.004480] CPU: Physical Processor ID: 0
[    0.004485] CPU: Processor Core ID: 0
[    0.004492] mce: CPU supports 5 MCE banks
[    0.004508] CPU0: Thermal monitoring enabled (TM1)
[    0.004517] using mwait in idle threads.
[    0.004532] Performance Events: Atom events, Intel PMU driver.
[    0.004545] ... version:                3
[    0.004550] ... bit width:              40
[    0.004554] ... generic registers:      2
[    0.004559] ... value mask:             000000ffffffffff
[    0.004564] ... max period:             000000007fffffff
[    0.004570] ... fixed-purpose events:   3
[    0.004574] ... event mask:             0000000700000003
[    0.004584] Checking 'hlt' instruction... OK.
[    0.020010] Disabling 4MB page tables to avoid TLB bug
[    0.024560] ACPI: Core revision 20090903
[    0.036023] ftrace: converting mcount calls to 0f 1f 44 00 00
[    0.036034] ftrace: allocating 22411 entries in 44 pages
[    0.040120] Enabling APIC mode:  Flat.  Using 1 I/O APICs
[    0.040463] ..TIMER: vector=0x30 apic1=0 pin1=2 apic2=-1 pin2=-1
[    0.082676] CPU0: Intel(R) Atom(TM) CPU  330   @ 1.60GHz stepping 02
[    0.084001] Booting processor 1 APIC 0x2 ip 0x6000
[    0.008000] Initializing CPU#1
[    0.008000] CPU: L1 I cache: 32K, L1 D cache: 24K
[    0.008000] CPU: L2 cache: 512K
[    0.008000] CPU: Physical Processor ID: 0
[    0.008000] CPU: Processor Core ID: 1
[    0.008000] CPU1: Thermal monitoring enabled (TM1)
[    0.172149] CPU1: Intel(R) Atom(TM) CPU  330   @ 1.60GHz stepping 02
[    0.172167] checking TSC synchronization [CPU#0 -> CPU#1]:
[    0.176001] Measured 48 cycles TSC warp between CPUs, turning off TSC clock.
[    0.176001] Marking TSC unstable due to check_tsc_sync_source failed
[    0.176205] Booting processor 2 APIC 0x1 ip 0x6000
[    0.008000] Initializing CPU#2
[    0.008000] CPU: L1 I cache: 32K, L1 D cache: 24K
[    0.008000] CPU: L2 cache: 512K
[    0.008000] CPU: Physical Processor ID: 0
[    0.008000] CPU: Processor Core ID: 0
[    0.008000] CPU2: Thermal monitoring enabled (TM1)
[    0.264124] CPU2: Intel(R) Atom(TM) CPU  330   @ 1.60GHz stepping 02
[    0.264413] Booting processor 3 APIC 0x3 ip 0x6000
[    0.008000] Initializing CPU#3
[    0.008000] CPU: L1 I cache: 32K, L1 D cache: 24K
[    0.008000] CPU: L2 cache: 512K
[    0.008000] CPU: Physical Processor ID: 0
[    0.008000] CPU: Processor Core ID: 1
[    0.008000] CPU3: Thermal monitoring enabled (TM1)
[    0.352105] CPU3: Intel(R) Atom(TM) CPU  330   @ 1.60GHz stepping 02
[    0.352158] Brought up 4 CPUs
[    0.352164] Total of 4 processors activated (12768.67 BogoMIPS).
[    0.353775] CPU0 attaching sched-domain:
[    0.353784]  domain 0: span 0,2 level SIBLING
[    0.353790]   groups: 0 (cpu_power = 589) 2 (cpu_power = 589)
[    0.353804]   domain 1: span 0,2 level MC
[    0.353809]    groups: 0,2 (cpu_power = 1178)
[    0.353819]    domain 2: span 0-3 level CPU
[    0.353824]     groups: 0,2 (cpu_power = 1178) 1,3 (cpu_power = 1178)
[    0.353841] CPU1 attaching sched-domain:
[    0.353846]  domain 0: span 1,3 level SIBLING
[    0.353852]   groups: 1 (cpu_power = 589) 3 (cpu_power = 589)
[    0.353864]   domain 1: span 1,3 level MC
[    0.353869]    groups: 1,3 (cpu_power = 1178)
[    0.353878]    domain 2: span 0-3 level CPU
[    0.353883]     groups: 1,3 (cpu_power = 1178) 0,2 (cpu_power = 1178)
[    0.353897] CPU2 attaching sched-domain:
[    0.353902]  domain 0: span 0,2 level SIBLING
[    0.353908]   groups: 2 (cpu_power = 589) 0 (cpu_power = 589)
[    0.353920]   domain 1: span 0,2 level MC
[    0.353925]    groups: 0,2 (cpu_power = 1178)
[    0.353934]    domain 2: span 0-3 level CPU
[    0.353939]     groups: 0,2 (cpu_power = 1178) 1,3 (cpu_power = 1178)
[    0.353953] CPU3 attaching sched-domain:
[    0.353958]  domain 0: span 1,3 level SIBLING
[    0.353963]   groups: 3 (cpu_power = 589) 1 (cpu_power = 589)
[    0.353975]   domain 1: span 1,3 level MC
[    0.353980]    groups: 1,3 (cpu_power = 1178)
[    0.353990]    domain 2: span 0-3 level CPU
[    0.353995]     groups: 1,3 (cpu_power = 1178) 0,2 (cpu_power = 1178)
[    0.354437] devtmpfs: initialized
[    0.354437] regulator: core version 0.5
[    0.354437] Time: 16:04:20  Date: 02/27/11
[    0.354437] NET: Registered protocol family 16
[    0.356058] Trying to unpack rootfs image as initramfs...
[    0.356269] EISA bus registered
[    0.356294] ACPI: bus type pci registered
[    0.356439] PCI: MCFG configuration 0: base f0000000 segment 0 buses 0 - 127
[    0.356447] PCI: MCFG area at f0000000 reserved in E820
[    0.356451] PCI: Using MMCONFIG for extended config space
[    0.356456] PCI: Using configuration type 1 for base access
[    0.358526] bio: create slab <bio-0> at 0
[    0.360375] ACPI: EC: Look up EC in DSDT
[    0.365851] ACPI: Interpreter enabled
[    0.365867] ACPI: (supports S0 S1 S3 S4 S5)
[    0.365921] ACPI: Using IOAPIC for interrupt routing
[    0.374507] ACPI: No dock devices found.
[    0.376711] ACPI: PCI Root Bridge [PCI0] (0000:00)
[    0.376863] pci 0000:00:02.0: reg 10 32bit mmio: [0x90200000-0x9027ffff]
[    0.376874] pci 0000:00:02.0: reg 14 io port: [0x20e0-0x20e7]
[    0.376884] pci 0000:00:02.0: reg 18 32bit mmio pref: [0x80000000-0x8fffffff]
[    0.376893] pci 0000:00:02.0: reg 1c 32bit mmio: [0x90280000-0x902bffff]
[    0.377009] pci 0000:00:1b.0: reg 10 64bit mmio: [0x902c0000-0x902c3fff]
[    0.377064] pci 0000:00:1b.0: PME# supported from D0 D3hot D3cold
[    0.377072] pci 0000:00:1b.0: PME# disabled
[    0.377156] pci 0000:00:1c.0: PME# supported from D0 D3hot D3cold
[    0.377163] pci 0000:00:1c.0: PME# disabled
[    0.377248] pci 0000:00:1c.2: PME# supported from D0 D3hot D3cold
[    0.377255] pci 0000:00:1c.2: PME# disabled
[    0.377339] pci 0000:00:1c.3: PME# supported from D0 D3hot D3cold
[    0.377346] pci 0000:00:1c.3: PME# disabled
[    0.377408] pci 0000:00:1d.0: reg 20 io port: [0x2080-0x209f]
[    0.377473] pci 0000:00:1d.1: reg 20 io port: [0x2060-0x207f]
[    0.377537] pci 0000:00:1d.2: reg 20 io port: [0x2040-0x205f]
[    0.377603] pci 0000:00:1d.3: reg 20 io port: [0x2020-0x203f]
[    0.377673] pci 0000:00:1d.7: reg 10 32bit mmio: [0x902c4000-0x902c43ff]
[    0.377739] pci 0000:00:1d.7: PME# supported from D0 D3hot D3cold
[    0.377747] pci 0000:00:1d.7: PME# disabled
[    0.377908] pci 0000:00:1f.0: Force enabled HPET at 0xfed00000
[    0.377925] pci 0000:00:1f.0: quirk: region 0400-047f claimed by ICH6 ACPI/GPIO/TCO
[    0.377934] pci 0000:00:1f.0: quirk: region 0500-053f claimed by ICH6 GPIO
[    0.377942] pci 0000:00:1f.0: ICH7 LPC Generic IO decode 1 PIO at 0680 (mask 007f)
[    0.378005] pci 0000:00:1f.1: reg 10 io port: [0x20d8-0x20df]
[    0.378017] pci 0000:00:1f.1: reg 14 io port: [0x20f4-0x20f7]
[    0.378028] pci 0000:00:1f.1: reg 18 io port: [0x20d0-0x20d7]
[    0.378039] pci 0000:00:1f.1: reg 1c io port: [0x20f0-0x20f3]
[    0.378050] pci 0000:00:1f.1: reg 20 io port: [0x20b0-0x20bf]
[    0.378106] pci 0000:00:1f.2: reg 10 io port: [0x20c8-0x20cf]
[    0.378116] pci 0000:00:1f.2: reg 14 io port: [0x20ec-0x20ef]
[    0.378127] pci 0000:00:1f.2: reg 18 io port: [0x20c0-0x20c7]
[    0.378137] pci 0000:00:1f.2: reg 1c io port: [0x20e8-0x20eb]
[    0.378147] pci 0000:00:1f.2: reg 20 io port: [0x20a0-0x20af]
[    0.378182] pci 0000:00:1f.2: PME# supported from D3hot
[    0.378189] pci 0000:00:1f.2: PME# disabled
[    0.378247] pci 0000:00:1f.3: reg 20 io port: [0x2000-0x201f]
[    0.378338] pci 0000:01:00.0: reg 10 io port: [0x1000-0x10ff]
[    0.378365] pci 0000:01:00.0: reg 18 64bit mmio: [0x90100000-0x90100fff]
[    0.378386] pci 0000:01:00.0: reg 20 64bit mmio pref: [0x90000000-0x9000ffff]
[    0.378401] pci 0000:01:00.0: reg 30 32bit mmio pref: [0xfffe0000-0xffffffff]
[    0.378457] pci 0000:01:00.0: supports D1 D2
[    0.378462] pci 0000:01:00.0: PME# supported from D0 D1 D2 D3hot D3cold
[    0.378471] pci 0000:01:00.0: PME# disabled
[    0.378548] pci 0000:00:1c.0: bridge io port: [0x1000-0x1fff]
[    0.378556] pci 0000:00:1c.0: bridge 32bit mmio: [0x90100000-0x901fffff]
[    0.378567] pci 0000:00:1c.0: bridge 64bit mmio pref: [0x90000000-0x900fffff]
[    0.378735] pci 0000:00:1e.0: transparent bridge
[    0.378769] pci_bus 0000:00: on NUMA node 0
[    0.378779] ACPI: PCI Interrupt Routing Table [\_SB_.PCI0._PRT]
[    0.379163] ACPI: PCI Interrupt Routing Table [\_SB_.PCI0.P32_._PRT]
[    0.379596] ACPI: PCI Interrupt Routing Table [\_SB_.PCI0.PEX0._PRT]
[    0.379746] ACPI: PCI Interrupt Routing Table [\_SB_.PCI0.PEX2._PRT]
[    0.379887] ACPI: PCI Interrupt Routing Table [\_SB_.PCI0.PEX3._PRT]
[    0.389440] ACPI: PCI Interrupt Link [LNKA] (IRQs 3 4 5 7 9 10 *11 12)
[    0.389663] ACPI: PCI Interrupt Link [LNKB] (IRQs 3 4 5 7 9 10 11 12) *0, disabled.
[    0.389881] ACPI: PCI Interrupt Link [LNKC] (IRQs 3 4 5 7 *9 10 11 12)
[    0.390099] ACPI: PCI Interrupt Link [LNKD] (IRQs 3 4 5 7 9 10 *11 12)
[    0.390315] ACPI: PCI Interrupt Link [LNKE] (IRQs 3 4 5 7 9 10 11 12) *0, disabled.
[    0.390533] ACPI: PCI Interrupt Link [LNKF] (IRQs 3 4 5 7 9 10 11 12) *0, disabled.
[    0.390754] ACPI: PCI Interrupt Link [LNKG] (IRQs 3 4 5 7 *9 10 11 12)
[    0.390971] ACPI: PCI Interrupt Link [LNKH] (IRQs 3 4 5 7 9 *10 11 12)
[    0.391211] vgaarb: device added: PCI:0000:00:02.0,decodes=io+mem,owns=io+mem,locks=none
[    0.391232] vgaarb: loaded
[    0.391495] SCSI subsystem initialized
[    0.391596] libata version 3.00 loaded.
[    0.392082] usbcore: registered new interface driver usbfs
[    0.392114] usbcore: registered new interface driver hub
[    0.392160] usbcore: registered new device driver usb
[    0.392171] ACPI: WMI: Mapper loaded
[    0.392171] PCI: Using ACPI for IRQ routing
[    0.392441] NetLabel: Initializing
[    0.392446] NetLabel:  domain hash size = 128
[    0.392450] NetLabel:  protocols = UNLABELED CIPSOv4
[    0.392475] NetLabel:  unlabeled traffic allowed by default
[    0.392726] hpet clockevent registered
[    0.392733] HPET: 3 timers in total, 0 timers will be used for per-cpu timer
[    0.392743] hpet0: at MMIO 0xfed00000, IRQs 2, 8, 0
[    0.392755] hpet0: 3 comparators, 64-bit 14.318180 MHz counter
[    0.404045] Switching to clocksource hpet
[    0.408611] AppArmor: AppArmor Filesystem Enabled
[    0.408660] pnp: PnP ACPI init
[    0.408699] ACPI: bus type pnp registered
[    0.413424] pnp: PnP ACPI: found 9 devices
[    0.413432] ACPI: ACPI bus type pnp unregistered
[    0.413441] PnPBIOS: Disabled by ACPI PNP
[    0.413470] system 00:01: iomem range 0xf0000000-0xf3ffffff has been reserved
[    0.413479] system 00:01: iomem range 0xfed13000-0xfed13fff has been reserved
[    0.413487] system 00:01: iomem range 0xfed14000-0xfed17fff has been reserved
[    0.413494] system 00:01: iomem range 0xfed18000-0xfed18fff has been reserved
[    0.413502] system 00:01: iomem range 0xfed19000-0xfed19fff has been reserved
[    0.413510] system 00:01: iomem range 0xfed1c000-0xfed1ffff has been reserved
[    0.413517] system 00:01: iomem range 0xfed20000-0xfed3ffff has been reserved
[    0.413525] system 00:01: iomem range 0xfed45000-0xfed99fff has been reserved
[    0.413533] system 00:01: iomem range 0xc0000-0xdffff could not be reserved
[    0.413540] system 00:01: iomem range 0xe0000-0xfffff could not be reserved
[    0.413561] system 00:06: ioport range 0x500-0x53f has been reserved
[    0.413568] system 00:06: ioport range 0x400-0x47f has been reserved
[    0.413576] system 00:06: ioport range 0x680-0x6ff has been reserved
[    0.448576] pci 0000:01:00.0: BAR 6: no parent found for of device [0xfffe0000-0xffffffff]
[    0.448648] pci 0000:00:1c.0: PCI bridge, secondary bus 0000:01
[    0.448656] pci 0000:00:1c.0:   IO window: 0x1000-0x1fff
[    0.448665] pci 0000:00:1c.0:   MEM window: 0x90100000-0x901fffff
[    0.448674] pci 0000:00:1c.0:   PREFETCH window: 0x00000090000000-0x000000900fffff
[    0.448685] pci 0000:00:1c.2: PCI bridge, secondary bus 0000:02
[    0.448692] pci 0000:00:1c.2:   IO window: 0x3000-0x3fff
[    0.448701] pci 0000:00:1c.2:   MEM window: 0x90300000-0x904fffff
[    0.448709] pci 0000:00:1c.2:   PREFETCH window: 0x00000090500000-0x000000906fffff
[    0.448720] pci 0000:00:1c.3: PCI bridge, secondary bus 0000:03
[    0.448726] pci 0000:00:1c.3:   IO window: 0x4000-0x4fff
[    0.448735] pci 0000:00:1c.3:   MEM window: 0x90700000-0x908fffff
[    0.448744] pci 0000:00:1c.3:   PREFETCH window: 0x00000090900000-0x00000090afffff
[    0.448754] pci 0000:00:1e.0: PCI bridge, secondary bus 0000:04
[    0.448759] pci 0000:00:1e.0:   IO window: disabled
[    0.448767] pci 0000:00:1e.0:   MEM window: disabled
[    0.448773] pci 0000:00:1e.0:   PREFETCH window: disabled
[    0.448800]   alloc irq_desc for 17 on node -1
[    0.448806]   alloc kstat_irqs on node -1
[    0.448820] pci 0000:00:1c.0: PCI INT A -> GSI 17 (level, low) -> IRQ 17
[    0.448831] pci 0000:00:1c.0: setting latency timer to 64
[    0.448847]   alloc irq_desc for 18 on node -1
[    0.448851]   alloc kstat_irqs on node -1
[    0.448861] pci 0000:00:1c.2: PCI INT C -> GSI 18 (level, low) -> IRQ 18
[    0.448870] pci 0000:00:1c.2: setting latency timer to 64
[    0.448884]   alloc irq_desc for 19 on node -1
[    0.448888]   alloc kstat_irqs on node -1
[    0.448897] pci 0000:00:1c.3: PCI INT D -> GSI 19 (level, low) -> IRQ 19
[    0.448905] pci 0000:00:1c.3: setting latency timer to 64
[    0.448917] pci 0000:00:1e.0: setting latency timer to 64
[    0.448926] pci_bus 0000:00: resource 0 io:  [0x00-0xffff]
[    0.448933] pci_bus 0000:00: resource 1 mem: [0x000000-0xffffffffffffffff]
[    0.448940] pci_bus 0000:01: resource 0 io:  [0x1000-0x1fff]
[    0.448946] pci_bus 0000:01: resource 1 mem: [0x90100000-0x901fffff]
[    0.448953] pci_bus 0000:01: resource 2 pref mem [0x90000000-0x900fffff]
[    0.448959] pci_bus 0000:02: resource 0 io:  [0x3000-0x3fff]
[    0.448966] pci_bus 0000:02: resource 1 mem: [0x90300000-0x904fffff]
[    0.448972] pci_bus 0000:02: resource 2 pref mem [0x90500000-0x906fffff]
[    0.448979] pci_bus 0000:03: resource 0 io:  [0x4000-0x4fff]
[    0.448985] pci_bus 0000:03: resource 1 mem: [0x90700000-0x908fffff]
[    0.448991] pci_bus 0000:03: resource 2 pref mem [0x90900000-0x90afffff]
[    0.448998] pci_bus 0000:04: resource 3 io:  [0x00-0xffff]
[    0.449006] pci_bus 0000:04: resource 4 mem: [0x000000-0xffffffffffffffff]
[    0.449094] NET: Registered protocol family 2
[    0.449315] IP route cache hash table entries: 32768 (order: 5, 131072 bytes)
[    0.450023] TCP established hash table entries: 131072 (order: 8, 1048576 bytes)
[    0.451018] TCP bind hash table entries: 65536 (order: 7, 524288 bytes)
[    0.451526] TCP: Hash tables configured (established 131072 bind 65536)
[    0.451535] TCP reno registered
[    0.451776] NET: Registered protocol family 1
[    0.451827] pci 0000:00:02.0: Boot video device
[    0.452783] cpufreq-nforce2: No nForce2 chipset.
[    0.452849] Scanning for low memory corruption every 60 seconds
[    0.453160] audit: initializing netlink socket (disabled)
[    0.453184] type=2000 audit(1298822659.452:1): initialized
[    0.471409] highmem bounce pool size: 64 pages
[    0.471422] HugeTLB registered 2 MB page size, pre-allocated 0 pages
[    0.475077] VFS: Disk quotas dquot_6.5.2
[    0.475220] Dquot-cache hash table entries: 1024 (order 0, 4096 bytes)
[    0.476709] fuse init (API version 7.13)
[    0.476938] msgmni has been set to 1693
[    0.477682] alg: No test for stdrng (krng)
[    0.477838] Block layer SCSI generic (bsg) driver version 0.4 loaded (major 253)
[    0.477846] io scheduler noop registered
[    0.477850] io scheduler anticipatory registered
[    0.477855] io scheduler deadline registered
[    0.477952] io scheduler cfq registered (default)
[    0.478220]   alloc irq_desc for 24 on node -1
[    0.478227]   alloc kstat_irqs on node -1
[    0.478248] pcieport 0000:00:1c.0: irq 24 for MSI/MSI-X
[    0.478264] pcieport 0000:00:1c.0: setting latency timer to 64
[    0.478462]   alloc irq_desc for 25 on node -1
[    0.478467]   alloc kstat_irqs on node -1
[    0.478480] pcieport 0000:00:1c.2: irq 25 for MSI/MSI-X
[    0.478493] pcieport 0000:00:1c.2: setting latency timer to 64
[    0.478675]   alloc irq_desc for 26 on node -1
[    0.478680]   alloc kstat_irqs on node -1
[    0.478693] pcieport 0000:00:1c.3: irq 26 for MSI/MSI-X
[    0.478706] pcieport 0000:00:1c.3: setting latency timer to 64
[    0.478874] pci_hotplug: PCI Hot Plug PCI Core version: 0.5
[    0.479068] pciehp: PCI Express Hot Plug Controller Driver version: 0.4
[    0.479267] input: Sleep Button as /devices/LNXSYSTM:00/LNXSYBUS:00/PNP0C0E:00/input/input0
[    0.479285] ACPI: Sleep Button [SLPB]
[    0.479409] input: Power Button as /devices/LNXSYSTM:00/LNXPWRBN:00/input/input1
[    0.479416] ACPI: Power Button [PWRF]
[    0.479868] processor LNXCPU:00: registered as cooling_device0
[    0.479975] processor LNXCPU:01: registered as cooling_device1
[    0.480121] processor LNXCPU:02: registered as cooling_device2
[    0.480216] processor LNXCPU:03: registered as cooling_device3
[    0.483471] isapnp: Scanning for PnP cards...
[    0.488089] Serial: 8250/16550 driver, 4 ports, IRQ sharing enabled
[    0.491917] brd: module loaded
[    0.493502] loop: module loaded
[    0.493800] input: Macintosh mouse button emulation as /devices/virtual/input/input2
[    0.494143] ata_piix 0000:00:1f.1: version 2.13
[    0.494176] ata_piix 0000:00:1f.1: PCI INT A -> GSI 18 (level, low) -> IRQ 18
[    0.494260] ata_piix 0000:00:1f.1: setting latency timer to 64
[    0.494490] scsi0 : ata_piix
[    0.494753] scsi1 : ata_piix
[    0.495914] ata1: PATA max UDMA/100 cmd 0x1f0 ctl 0x3f6 bmdma 0x20b0 irq 14
[    0.495923] ata2: PATA max UDMA/100 cmd 0x170 ctl 0x376 bmdma 0x20b8 irq 15
[    0.495988] ata_piix 0000:00:1f.2: PCI INT B -> GSI 19 (level, low) -> IRQ 19
[    0.496035] ata_piix 0000:00:1f.2: MAP [ P0 P2 P1 P3 ]
[    0.496118] ata_piix 0000:00:1f.2: setting latency timer to 64
[    0.496342] scsi2 : ata_piix
[    0.496641] scsi3 : ata_piix
[    0.496696] ata2: port disabled. ignoring.
[    0.497098] ata3: SATA max UDMA/133 cmd 0x20c8 ctl 0x20ec bmdma 0x20a0 irq 19
[    0.497107] ata4: SATA max UDMA/133 cmd 0x20c0 ctl 0x20e8 bmdma 0x20a8 irq 19
[    0.498175] Fixed MDIO Bus: probed
[    0.498288] PPP generic driver version 2.4.2
[    0.498434] tun: Universal TUN/TAP device driver, 1.6
[    0.498440] tun: (C) 1999-2004 Max Krasnyansky <maxk@qualcomm.com>
[    0.498736] ehci_hcd: USB 2.0 'Enhanced' Host Controller (EHCI) Driver
[    0.498786]   alloc irq_desc for 23 on node -1
[    0.498793]   alloc kstat_irqs on node -1
[    0.498809] ehci_hcd 0000:00:1d.7: PCI INT A -> GSI 23 (level, low) -> IRQ 23
[    0.498847] ehci_hcd 0000:00:1d.7: setting latency timer to 64
[    0.498857] ehci_hcd 0000:00:1d.7: EHCI Host Controller
[    0.498966] ehci_hcd 0000:00:1d.7: new USB bus registered, assigned bus number 1
[    0.499010] ehci_hcd 0000:00:1d.7: using broken periodic workaround
[    0.499028] ehci_hcd 0000:00:1d.7: debug port 1
[    0.502915] ehci_hcd 0000:00:1d.7: cache line size of 32 is not supported
[    0.502950] ehci_hcd 0000:00:1d.7: irq 23, io mem 0x902c4000
[    0.516031] ehci_hcd 0000:00:1d.7: USB 2.0 started, EHCI 1.00
[    0.516301] usb usb1: configuration #1 chosen from 1 choice
[    0.516391] hub 1-0:1.0: USB hub found
[    0.516422] hub 1-0:1.0: 8 ports detected
[    0.516591] ohci_hcd: USB 1.1 'Open' Host Controller (OHCI) Driver
[    0.516637] uhci_hcd: USB Universal Host Controller Interface driver
[    0.516740] uhci_hcd 0000:00:1d.0: PCI INT A -> GSI 23 (level, low) -> IRQ 23
[    0.516759] uhci_hcd 0000:00:1d.0: setting latency timer to 64
[    0.516768] uhci_hcd 0000:00:1d.0: UHCI Host Controller
[    0.516890] uhci_hcd 0000:00:1d.0: new USB bus registered, assigned bus number 2
[    0.516932] uhci_hcd 0000:00:1d.0: irq 23, io base 0x00002080
[    0.517195] usb usb2: configuration #1 chosen from 1 choice
[    0.517286] hub 2-0:1.0: USB hub found
[    0.517313] hub 2-0:1.0: 2 ports detected
[    0.517434] uhci_hcd 0000:00:1d.1: PCI INT B -> GSI 19 (level, low) -> IRQ 19
[    0.517451] uhci_hcd 0000:00:1d.1: setting latency timer to 64
[    0.517459] uhci_hcd 0000:00:1d.1: UHCI Host Controller
[    0.517575] uhci_hcd 0000:00:1d.1: new USB bus registered, assigned bus number 3
[    0.517615] uhci_hcd 0000:00:1d.1: irq 19, io base 0x00002060
[    0.517879] usb usb3: configuration #1 chosen from 1 choice
[    0.517963] hub 3-0:1.0: USB hub found
[    0.517983] hub 3-0:1.0: 2 ports detected
[    0.518107] uhci_hcd 0000:00:1d.2: PCI INT C -> GSI 18 (level, low) -> IRQ 18
[    0.518122] uhci_hcd 0000:00:1d.2: setting latency timer to 64
[    0.518131] uhci_hcd 0000:00:1d.2: UHCI Host Controller
[    0.518239] uhci_hcd 0000:00:1d.2: new USB bus registered, assigned bus number 4
[    0.518299] uhci_hcd 0000:00:1d.2: irq 18, io base 0x00002040
[    0.518566] usb usb4: configuration #1 chosen from 1 choice
[    0.518647] hub 4-0:1.0: USB hub found
[    0.518668] hub 4-0:1.0: 2 ports detected
[    0.518781]   alloc irq_desc for 16 on node -1
[    0.518788]   alloc kstat_irqs on node -1
[    0.518805] uhci_hcd 0000:00:1d.3: PCI INT D -> GSI 16 (level, low) -> IRQ 16
[    0.518820] uhci_hcd 0000:00:1d.3: setting latency timer to 64
[    0.518828] uhci_hcd 0000:00:1d.3: UHCI Host Controller
[    0.518926] uhci_hcd 0000:00:1d.3: new USB bus registered, assigned bus number 5
[    0.518978] uhci_hcd 0000:00:1d.3: irq 16, io base 0x00002020
[    0.519238] usb usb5: configuration #1 chosen from 1 choice
[    0.519320] hub 5-0:1.0: USB hub found
[    0.519340] hub 5-0:1.0: 2 ports detected
[    0.519591] PNP: No PS/2 controller found. Probing ports directly.
[    0.522741] serio: i8042 KBD port at 0x60,0x64 irq 1
[    0.522762] serio: i8042 AUX port at 0x60,0x64 irq 12
[    0.523049] mice: PS/2 mouse device common for all mice
[    0.523368] rtc_cmos 00:03: RTC can wake from S4
[    0.523484] rtc_cmos 00:03: rtc core: registered rtc_cmos as rtc0
[    0.523528] rtc0: alarms up to one month, 114 bytes nvram, hpet irqs
[    0.523854] device-mapper: uevent: version 1.0.3
[    0.524231] device-mapper: ioctl: 4.15.0-ioctl (2009-04-01) initialised: dm-devel@redhat.com
[    0.524651] device-mapper: multipath: version 1.1.0 loaded
[    0.524661] device-mapper: multipath round-robin: version 1.0.0 loaded
[    0.525044] EISA: Probing bus 0 at eisa.0
[    0.525058] Cannot allocate resource for EISA slot 1
[    0.525064] Cannot allocate resource for EISA slot 2
[    0.525072] Cannot allocate resource for EISA slot 3
[    0.525079] Cannot allocate resource for EISA slot 4
[    0.525110] EISA: Detected 0 cards.
[    0.525720] cpuidle: using governor ladder
[    0.525727] cpuidle: using governor menu
[    0.527030] TCP cubic registered
[    0.527518] NET: Registered protocol family 10
[    0.528909] lo: Disabled Privacy Extensions
[    0.529871] NET: Registered protocol family 17
[    0.530037] Using IPI No-Shortcut mode
[    0.530297] PM: Resume from disk failed.
[    0.530330] registered taskstats version 1
[    0.530905]   Magic number: 15:214:86
[    0.531068] rtc_cmos 00:03: setting system clock to 2011-02-27 16:04:20 UTC (1298822660)
[    0.531078] BIOS EDD facility v0.16 2004-Jun-25, 0 devices found
[    0.531083] EDD information not available.
[    0.671209] ata3.00: ATA-7: STT_FTM8GL25V, 090928S, max UDMA/133
[    0.671218] ata3.00: 15744960 sectors, multi 1: LBA48 
[    0.676314] ata3.00: configured for UDMA/133
[    0.741943] Freeing initrd memory: 7729k freed
[    0.836803] isapnp: No Plug & Play device found
[    0.837198] scsi 2:0:0:0: Direct-Access     ATA      STT_FTM8GL25V    0909 PQ: 0 ANSI: 5
[    0.837593] sd 2:0:0:0: [sda] 15744960 512-byte logical blocks: (8.06 GB/7.50 GiB)
[    0.837758] sd 2:0:0:0: Attached scsi generic sg0 type 0
[    0.837824] sd 2:0:0:0: [sda] Write Protect is off
[    0.837834] sd 2:0:0:0: [sda] Mode Sense: 00 3a 00 00
[    0.837950] sd 2:0:0:0: [sda] Write cache: disabled, read cache: enabled, doesn't support DPO or FUA
[    0.838416]  sda: sda1 sda2 < sda5 >
[    0.839775] sd 2:0:0:0: [sda] Attached SCSI disk
[    0.839818] Freeing unused kernel memory: 676k freed
[    0.840500] Write protecting the kernel text: 4836k
[    0.840646] Write protecting the kernel read-only data: 1880k
[    0.882060] udev: starting version 151
[    1.001265] r8169 Gigabit Ethernet driver 2.3LK-NAPI loaded
[    1.001315] r8169 0000:01:00.0: PCI INT A -> GSI 16 (level, low) -> IRQ 16
[    1.001402] r8169 0000:01:00.0: setting latency timer to 64
[    1.001479]   alloc irq_desc for 27 on node -1
[    1.001487]   alloc kstat_irqs on node -1
[    1.001520] r8169 0000:01:00.0: irq 27 for MSI/MSI-X
[    1.003542] eth0: RTL8168c/8111c at 0xf822c000, 00:1c:c0:cd:a3:fd, XID 1c4000c0 IRQ 27
[    1.067268] EXT4-fs (sda1): INFO: recovery required on readonly filesystem
[    1.067279] EXT4-fs (sda1): write access will be enabled during recovery
[    1.136049] usb 3-2: new full speed USB device using uhci_hcd and address 2
[    1.320902] usb 3-2: configuration #1 chosen from 1 choice
[    2.388100] EXT4-fs (sda1): orphan cleanup on readonly fs
[    2.388124] EXT4-fs (sda1): ext4_orphan_cleanup: deleting unreferenced inode 148007
[    2.388277] EXT4-fs (sda1): ext4_orphan_cleanup: deleting unreferenced inode 129182
[    2.388327] EXT4-fs (sda1): ext4_orphan_cleanup: deleting unreferenced inode 129143
[    2.388354] EXT4-fs (sda1): ext4_orphan_cleanup: deleting unreferenced inode 129141
[    2.388399] EXT4-fs (sda1): ext4_orphan_cleanup: deleting unreferenced inode 129121
[    2.388446] EXT4-fs (sda1): ext4_orphan_cleanup: deleting unreferenced inode 129115
[    2.388469] EXT4-fs (sda1): 6 orphan inodes deleted
[    2.388476] EXT4-fs (sda1): recovery complete
[    2.400277] EXT4-fs (sda1): mounted filesystem with ordered data mode
[    2.750318] Adding 387064k swap on /dev/sda5.  Priority:-1 extents:1 across:387064k SS
[    2.799776] udev: starting version 151
[    2.854042] lp: driver loaded but no devices found
[    3.091578] Linux agpgart interface v0.103
[    3.139010] agpgart-intel 0000:00:00.0: Intel 945G Chipset
[    3.139705] agpgart-intel 0000:00:00.0: detected 7932K stolen memory
[    3.143978] intel_rng: Firmware space is locked read-only. If you can't or
[    3.143985] intel_rng: don't want to disable this in firmware setup, and if
[    3.143990] intel_rng: you are certain that your system has a functional
[    3.143994] intel_rng: RNG, try using the 'no_fwh_detect' option.
[    3.158220] agpgart-intel 0000:00:00.0: AGP aperture is 256M @ 0x80000000
[    3.245013] [drm] Initialized drm 1.1.0 20060810
[    3.286801] type=1505 audit(1298822663.253:2):  operation="profile_load" pid=529 name="/sbin/dhclient3"
[    3.287618] type=1505 audit(1298822663.253:3):  operation="profile_load" pid=529 name="/usr/lib/NetworkManager/nm-dhcp-client.action"
[    3.288083] type=1505 audit(1298822663.253:4):  operation="profile_load" pid=529 name="/usr/lib/connman/scripts/dhclient-script"
[    3.294446] usblp0: USB Bidirectional printer dev 2 if 0 alt 0 proto 2 vid 0x03F0 pid 0x6204
[    3.294511] usbcore: registered new interface driver usblp
[    3.396224] r8169: eth0: link up
[    3.396245] r8169: eth0: link up
[    3.412576] i915 0000:00:02.0: PCI INT A -> GSI 16 (level, low) -> IRQ 16
[    3.412592] i915 0000:00:02.0: setting latency timer to 64
[    3.438951] [drm] set up 7M of stolen space
[    3.672249] type=1505 audit(1298822663.637:5):  operation="profile_replace" pid=644 name="/sbin/dhclient3"
[    3.672835] type=1505 audit(1298822663.637:6):  operation="profile_replace" pid=644 name="/usr/lib/NetworkManager/nm-dhcp-client.action"
[    3.673166] type=1505 audit(1298822663.641:7):  operation="profile_replace" pid=644 name="/usr/lib/connman/scripts/dhclient-script"
[    3.677252] type=1505 audit(1298822663.645:8):  operation="profile_load" pid=645 name="/usr/lib/cups/backend/cups-pdf"
[    3.678163] type=1505 audit(1298822663.645:9):  operation="profile_load" pid=645 name="/usr/sbin/cupsd"
[    3.682910] type=1505 audit(1298822663.649:10):  operation="profile_load" pid=646 name="/usr/sbin/mysqld"
