Jan 11 01:26:00 syslogd started: BusyBox v1.13.3
Jan 11 01:26:00 kernel: klogd started: BusyBox v1.13.3 (Ubuntu 1:1.13.3-1ubuntu11)
Jan 11 01:26:00 kernel: [    0.000000] Initializing cgroup subsys cpuset
Jan 11 01:26:00 kernel: [    0.000000] Initializing cgroup subsys cpu
Jan 11 01:26:00 kernel: [    0.000000] Linux version 2.6.32-24-generic (buildd@vernadsky) (gcc version 4.4.3 (Ubuntu 4.4.3-4ubuntu5) ) #38-Ubuntu SMP Mon Jul 5 09:22:14 UTC 2010 (Ubuntu 2.6.32-24.38-generic 2.6.32.15+drm33.5)
Jan 11 01:26:00 kernel: [    0.000000] KERNEL supported cpus:
Jan 11 01:26:00 kernel: [    0.000000]   Intel GenuineIntel
Jan 11 01:26:00 kernel: [    0.000000]   AMD AuthenticAMD
Jan 11 01:26:00 kernel: [    0.000000]   NSC Geode by NSC
Jan 11 01:26:00 kernel: [    0.000000]   Cyrix CyrixInstead
Jan 11 01:26:00 kernel: [    0.000000]   Centaur CentaurHauls
Jan 11 01:26:00 kernel: [    0.000000]   Transmeta GenuineTMx86
Jan 11 01:26:00 kernel: [    0.000000]   Transmeta TransmetaCPU
Jan 11 01:26:00 kernel: [    0.000000]   UMC UMC UMC UMC
Jan 11 01:26:00 kernel: [    0.000000] BIOS-provided physical RAM map:
Jan 11 01:26:00 kernel: [    0.000000]  BIOS-e820: 0000000000000000 - 000000000009f000 (usable)
Jan 11 01:26:00 kernel: [    0.000000]  BIOS-e820: 000000000009f000 - 00000000000a0000 (reserved)
Jan 11 01:26:00 kernel: [    0.000000]  BIOS-e820: 0000000000100000 - 00000000dfe6d800 (usable)
Jan 11 01:26:00 kernel: [    0.000000]  BIOS-e820: 00000000dfe6d800 - 00000000e0000000 (reserved)
Jan 11 01:26:00 kernel: [    0.000000]  BIOS-e820: 00000000f4000000 - 00000000f8000000 (reserved)
Jan 11 01:26:00 kernel: [    0.000000]  BIOS-e820: 00000000fec00000 - 00000000fec10000 (reserved)
Jan 11 01:26:00 kernel: [    0.000000]  BIOS-e820: 00000000fed18000 - 00000000fed1c000 (reserved)
Jan 11 01:26:00 kernel: [    0.000000]  BIOS-e820: 00000000fed20000 - 00000000fed90000 (reserved)
Jan 11 01:26:00 kernel: [    0.000000]  BIOS-e820: 00000000feda0000 - 00000000feda6000 (reserved)
Jan 11 01:26:00 kernel: [    0.000000]  BIOS-e820: 00000000fee00000 - 00000000fee10000 (reserved)
Jan 11 01:26:00 kernel: [    0.000000]  BIOS-e820: 00000000ffe00000 - 0000000100000000 (reserved)
Jan 11 01:26:00 kernel: [    0.000000]  BIOS-e820: 0000000100002000 - 0000000120000000 (usable)
Jan 11 01:26:00 kernel: [    0.000000] DMI 2.4 present.
Jan 11 01:26:00 kernel: [    0.000000] last_pfn = 0xdfe6d max_arch_pfn = 0x100000
Jan 11 01:26:00 kernel: [    0.000000] MTRR default type: uncachable
Jan 11 01:26:00 kernel: [    0.000000] MTRR fixed ranges enabled:
Jan 11 01:26:00 kernel: [    0.000000]   00000-9FFFF write-back
Jan 11 01:26:00 kernel: [    0.000000]   A0000-BFFFF uncachable
Jan 11 01:26:00 kernel: [    0.000000]   C0000-CFFFF write-protect
Jan 11 01:26:00 kernel: [    0.000000]   D0000-EFFFF uncachable
Jan 11 01:26:00 kernel: [    0.000000]   F0000-FFFFF write-protect
Jan 11 01:26:00 kernel: [    0.000000] MTRR variable ranges enabled:
Jan 11 01:26:00 kernel: [    0.000000]   0 base 000000000 mask F80000000 write-back
Jan 11 01:26:00 kernel: [    0.000000]   1 base 080000000 mask FC0000000 write-back
Jan 11 01:26:00 kernel: [    0.000000]   2 base 0C0000000 mask FE0000000 write-back
Jan 11 01:26:00 kernel: [    0.000000]   3 base 100000000 mask F00000000 write-back
Jan 11 01:26:00 kernel: [    0.000000]   4 base 0DFF00000 mask FFFF00000 uncachable
Jan 11 01:26:00 kernel: [    0.000000]   5 disabled
Jan 11 01:26:00 kernel: [    0.000000]   6 disabled
Jan 11 01:26:00 kernel: [    0.000000]   7 disabled
Jan 11 01:26:00 kernel: [    0.000000] x86 PAT enabled: cpu 0, old 0x7040600070406, new 0x7010600070106
Jan 11 01:26:00 kernel: [    0.000000] e820 update range: 00000000dff00000 - 0000000100000000 (usable) ==> (reserved)
Jan 11 01:26:00 kernel: [    0.000000] e820 update range: 0000000000002000 - 0000000000006000 (usable) ==> (reserved)
Jan 11 01:26:00 kernel: [    0.000000] Scanning 1 areas for low memory corruption
Jan 11 01:26:00 kernel: [    0.000000] modified physical RAM map:
Jan 11 01:26:00 kernel: [    0.000000]  modified: 0000000000000000 - 0000000000002000 (usable)
Jan 11 01:26:00 kernel: [    0.000000]  modified: 0000000000002000 - 0000000000006000 (reserved)
Jan 11 01:26:00 kernel: [    0.000000]  modified: 0000000000006000 - 000000000009f000 (usable)
Jan 11 01:26:00 kernel: [    0.000000]  modified: 000000000009f000 - 00000000000a0000 (reserved)
Jan 11 01:26:00 kernel: [    0.000000]  modified: 0000000000100000 - 00000000dfe6d800 (usable)
Jan 11 01:26:00 kernel: [    0.000000]  modified: 00000000dfe6d800 - 00000000e0000000 (reserved)
Jan 11 01:26:00 kernel: [    0.000000]  modified: 00000000f4000000 - 00000000f8000000 (reserved)
Jan 11 01:26:00 kernel: [    0.000000]  modified: 00000000fec00000 - 00000000fec10000 (reserved)
Jan 11 01:26:00 kernel: [    0.000000]  modified: 00000000fed18000 - 00000000fed1c000 (reserved)
Jan 11 01:26:00 kernel: [    0.000000]  modified: 00000000fed20000 - 00000000fed90000 (reserved)
Jan 11 01:26:00 kernel: [    0.000000]  modified: 00000000feda0000 - 00000000feda6000 (reserved)
Jan 11 01:26:00 kernel: [    0.000000]  modified: 00000000fee00000 - 00000000fee10000 (reserved)
Jan 11 01:26:00 kernel: [    0.000000]  modified: 00000000ffe00000 - 0000000100000000 (reserved)
Jan 11 01:26:00 kernel: [    0.000000]  modified: 0000000100002000 - 0000000120000000 (usable)
Jan 11 01:26:00 kernel: [    0.000000] initial memory mapped : 0 - 00c00000
Jan 11 01:26:00 kernel: [    0.000000] init_memory_mapping: 0000000000000000-00000000377fe000
Jan 11 01:26:00 kernel: [    0.000000] Using x86 segment limits to approximate NX protection
Jan 11 01:26:00 kernel: [    0.000000]  0000000000 - 0000400000 page 4k
Jan 11 01:26:00 kernel: [    0.000000]  0000400000 - 0037400000 page 2M
Jan 11 01:26:00 kernel: [    0.000000]  0037400000 - 00377fe000 page 4k
Jan 11 01:26:00 kernel: [    0.000000] kernel direct mapping tables up to 377fe000 @ 7000-c000
Jan 11 01:26:00 kernel: [    0.000000] RAMDISK: 7fa7d000 - 7ffff322
Jan 11 01:26:00 kernel: [    0.000000] Allocated new RAMDISK: 008e0000 - 00e62322
Jan 11 01:26:00 kernel: [    0.000000] Move RAMDISK from 000000007fa7d000 - 000000007ffff321 to 008e0000 - 00e62321
Jan 11 01:26:00 kernel: [    0.000000] ACPI: RSDP 000fbbf0 00024 (v02 DELL  )
Jan 11 01:26:00 kernel: [    0.000000] ACPI: XSDT dfe6f200 00054 (v01 DELL    M08     27D80708 ASL  00000061)
Jan 11 01:26:00 kernel: [    0.000000] ACPI: FACP dfe6f09c 000F4 (v04 DELL    M08     27D80708 ASL  00000061)
Jan 11 01:26:00 kernel: [    0.000000] ACPI: DSDT dfe6f800 05733 (v02 INT430 SYSFexxx 00001001 INTL 20050624)
Jan 11 01:26:00 kernel: [    0.000000] ACPI: FACS dfe7e000 00040
Jan 11 01:26:00 kernel: [    0.000000] ACPI: HPET dfe6f300 00038 (v01 DELL    M08     00000001 ASL  00000061)
Jan 11 01:26:00 kernel: [    0.000000] ACPI: APIC dfe6f400 00068 (v01 DELL    M08     27D80708 ASL  00000047)
Jan 11 01:26:00 kernel: [    0.000000] ACPI: MCFG dfe6f3c0 0003E (v16 DELL    M08     27D80708 ASL  00000061)
Jan 11 01:26:00 kernel: [    0.000000] ACPI: BOOT dfe6efc0 00028 (v01 DELL    M08     27D80708 ASL  00000061)
Jan 11 01:26:00 kernel: [    0.000000] ACPI: SSDT dfe6d9fa 004CC (v01  PmRef    CpuPm 00003000 INTL 20050624)
Jan 11 01:26:00 kernel: [    0.000000] ACPI: Local APIC address 0xfee00000
Jan 11 01:26:00 kernel: [    0.000000] 2694MB HIGHMEM available.
Jan 11 01:26:00 kernel: [    0.000000] 887MB LOWMEM available.
Jan 11 01:26:00 kernel: [    0.000000]   mapped low ram: 0 - 377fe000
Jan 11 01:26:00 kernel: [    0.000000]   low ram: 0 - 377fe000
Jan 11 01:26:00 kernel: [    0.000000]   node 0 low ram: 00000000 - 377fe000
Jan 11 01:26:00 kernel: [    0.000000]   node 0 bootmap 00008000 - 0000ef00
Jan 11 01:26:00 kernel: [    0.000000] (9 early reservations) ==> bootmem [0000000000 - 00377fe000]
Jan 11 01:26:00 kernel: [    0.000000]   #0 [0000000000 - 0000001000]   BIOS data page ==> [0000000000 - 0000001000]
Jan 11 01:26:00 kernel: [    0.000000]   #1 [0000001000 - 0000002000]    EX TRAMPOLINE ==> [0000001000 - 0000002000]
Jan 11 01:26:00 kernel: [    0.000000]   #2 [0000006000 - 0000007000]       TRAMPOLINE ==> [0000006000 - 0000007000]
Jan 11 01:26:00 kernel: [    0.000000]   #3 [0000100000 - 00008dbeb8]    TEXT DATA BSS ==> [0000100000 - 00008dbeb8]
Jan 11 01:26:00 kernel: [    0.000000]   #4 [000009f000 - 0000100000]    BIOS reserved ==> [000009f000 - 0000100000]
Jan 11 01:26:00 kernel: [    0.000000]   #5 [00008dc000 - 00008df188]              BRK ==> [00008dc000 - 00008df188]
Jan 11 01:26:00 kernel: [    0.000000]   #6 [0000007000 - 0000008000]          PGTABLE ==> [0000007000 - 0000008000]
Jan 11 01:26:00 kernel: [    0.000000]   #7 [00008e0000 - 0000e62322]      NEW RAMDISK ==> [00008e0000 - 0000e62322]
Jan 11 01:26:00 kernel: [    0.000000]   #8 [0000008000 - 000000f000]          BOOTMAP ==> [0000008000 - 000000f000]
Jan 11 01:26:00 kernel: [    0.000000] Zone PFN ranges:
Jan 11 01:26:00 kernel: [    0.000000]   DMA      0x00000000 -> 0x00001000
Jan 11 01:26:00 kernel: [    0.000000]   Normal   0x00001000 -> 0x000377fe
Jan 11 01:26:00 kernel: [    0.000000]   HighMem  0x000377fe -> 0x000dfe6d
Jan 11 01:26:00 kernel: [    0.000000] Movable zone start PFN for each node
Jan 11 01:26:00 kernel: [    0.000000] early_node_map[3] active PFN ranges
Jan 11 01:26:00 kernel: [    0.000000]     0: 0x00000000 -> 0x00000002
Jan 11 01:26:00 kernel: [    0.000000]     0: 0x00000006 -> 0x0000009f
Jan 11 01:26:00 kernel: [    0.000000]     0: 0x00000100 -> 0x000dfe6d
Jan 11 01:26:00 kernel: [    0.000000] On node 0 totalpages: 917000
Jan 11 01:26:00 kernel: [    0.000000] free_area_init_node: node 0, pgdat c0798780, node_mem_map c1001000
Jan 11 01:26:00 kernel: [    0.000000]   DMA zone: 32 pages used for memmap
Jan 11 01:26:00 kernel: [    0.000000]   DMA zone: 0 pages reserved
Jan 11 01:26:00 kernel: [    0.000000]   DMA zone: 3963 pages, LIFO batch:0
Jan 11 01:26:00 kernel: [    0.000000]   Normal zone: 1744 pages used for memmap
Jan 11 01:26:00 kernel: [    0.000000]   Normal zone: 221486 pages, LIFO batch:31
Jan 11 01:26:00 kernel: [    0.000000]   HighMem zone: 5389 pages used for memmap
Jan 11 01:26:00 kernel: [    0.000000]   HighMem zone: 684386 pages, LIFO batch:31
Jan 11 01:26:00 kernel: [    0.000000] Using APIC driver default
Jan 11 01:26:00 kernel: [    0.000000] ACPI: PM-Timer IO Port: 0x1008
Jan 11 01:26:00 kernel: [    0.000000] ACPI: Local APIC address 0xfee00000
Jan 11 01:26:00 kernel: [    0.000000] ACPI: LAPIC (acpi_id[0x00] lapic_id[0x00] enabled)
Jan 11 01:26:00 kernel: [    0.000000] ACPI: LAPIC (acpi_id[0x01] lapic_id[0x01] enabled)
Jan 11 01:26:00 kernel: [    0.000000] ACPI: LAPIC_NMI (acpi_id[0x00] high edge lint[0x1])
Jan 11 01:26:00 kernel: [    0.000000] ACPI: LAPIC_NMI (acpi_id[0x01] high edge lint[0x1])
Jan 11 01:26:00 kernel: [    0.000000] ACPI: IOAPIC (id[0x02] address[0xfec00000] gsi_base[0])
Jan 11 01:26:00 kernel: [    0.000000] IOAPIC[0]: apic_id 2, version 32, address 0xfec00000, GSI 0-23
Jan 11 01:26:00 kernel: [    0.000000] ACPI: INT_SRC_OVR (bus 0 bus_irq 0 global_irq 2 dfl dfl)
Jan 11 01:26:00 kernel: [    0.000000] ACPI: INT_SRC_OVR (bus 0 bus_irq 9 global_irq 9 high level)
Jan 11 01:26:00 kernel: [    0.000000] ACPI: IRQ0 used by override.
Jan 11 01:26:00 kernel: [    0.000000] ACPI: IRQ2 used by override.
Jan 11 01:26:00 kernel: [    0.000000] ACPI: IRQ9 used by override.
Jan 11 01:26:00 kernel: [    0.000000] Using ACPI (MADT) for SMP configuration information
Jan 11 01:26:00 kernel: [    0.000000] ACPI: HPET id: 0x8086a201 base: 0xfed00000
Jan 11 01:26:00 kernel: [    0.000000] SMP: Allowing 2 CPUs, 0 hotplug CPUs
Jan 11 01:26:00 kernel: [    0.000000] nr_irqs_gsi: 24
Jan 11 01:26:00 kernel: [    0.000000] PM: Registered nosave memory: 0000000000002000 - 0000000000006000
Jan 11 01:26:00 kernel: [    0.000000] PM: Registered nosave memory: 000000000009f000 - 00000000000a0000
Jan 11 01:26:00 kernel: [    0.000000] PM: Registered nosave memory: 00000000000a0000 - 0000000000100000
Jan 11 01:26:00 kernel: [    0.000000] Allocating PCI resources starting at e0000000 (gap: e0000000:14000000)
Jan 11 01:26:00 kernel: [    0.000000] Booting paravirtualized kernel on bare hardware
Jan 11 01:26:00 kernel: [    0.000000] NR_CPUS:8 nr_cpumask_bits:8 nr_cpu_ids:2 nr_node_ids:1
Jan 11 01:26:00 kernel: [    0.000000] PERCPU: Embedded 14 pages/cpu @c3000000 s36056 r0 d21288 u2097152
Jan 11 01:26:00 kernel: [    0.000000] pcpu-alloc: s36056 r0 d21288 u2097152 alloc=1*4194304
Jan 11 01:26:00 kernel: [    0.000000] pcpu-alloc: [0] 0 1 
Jan 11 01:26:00 kernel: [    0.000000] Built 1 zonelists in Zone order, mobility grouping on.  Total pages: 909835
Jan 11 01:26:00 kernel: [    0.000000] Kernel command line: BOOT_IMAGE=/install/vmlinuz file=/cdrom/preseed/ubuntu-server.seed initrd=/install/initrd.gz quiet --
Jan 11 01:26:00 kernel: [    0.000000] PID hash table entries: 4096 (order: 2, 16384 bytes)
Jan 11 01:26:00 kernel: [    0.000000] Dentry cache hash table entries: 131072 (order: 7, 524288 bytes)
Jan 11 01:26:00 kernel: [    0.000000] Inode-cache hash table entries: 65536 (order: 6, 262144 bytes)
Jan 11 01:26:00 kernel: [    0.000000] Enabling fast FPU save and restore... done.
Jan 11 01:26:00 kernel: [    0.000000] Enabling unmasked SIMD FPU exception support... done.
Jan 11 01:26:00 kernel: [    0.000000] Initializing CPU#0
Jan 11 01:26:00 kernel: [    0.000000] allocated 18342020 bytes of page_cgroup
Jan 11 01:26:00 kernel: [    0.000000] please try 'cgroup_disable=memory' option if you don't want memory cgroups
Jan 11 01:26:00 kernel: [    0.000000] Initializing HighMem for node 0 (000377fe:000dfe6d)
Jan 11 01:26:00 kernel: [    0.000000] Memory: 3605676k/3668404k available (4679k kernel code, 61300k reserved, 2116k data, 660k init, 2759100k highmem)
Jan 11 01:26:00 kernel: [    0.000000] virtual kernel memory layout:
Jan 11 01:26:00 kernel: [    0.000000]     fixmap  : 0xfff1d000 - 0xfffff000   ( 904 kB)
Jan 11 01:26:00 kernel: [    0.000000]     pkmap   : 0xff800000 - 0xffc00000   (4096 kB)
Jan 11 01:26:00 kernel: [    0.000000]     vmalloc : 0xf7ffe000 - 0xff7fe000   ( 120 MB)
Jan 11 01:26:00 kernel: [    0.000000]     lowmem  : 0xc0000000 - 0xf77fe000   ( 887 MB)
Jan 11 01:26:00 kernel: [    0.000000]       .init : 0xc07a3000 - 0xc0848000   ( 660 kB)
Jan 11 01:26:00 kernel: [    0.000000]       .data : 0xc0591d23 - 0xc07a2e88   (2116 kB)
Jan 11 01:26:00 kernel: [    0.000000]       .text : 0xc0100000 - 0xc0591d23   (4679 kB)
Jan 11 01:26:00 kernel: [    0.000000] Checking if this processor honours the WP bit even in supervisor mode...Ok.
Jan 11 01:26:00 kernel: [    0.000000] SLUB: Genslabs=13, HWalign=64, Order=0-3, MinObjects=0, CPUs=2, Nodes=1
Jan 11 01:26:00 kernel: [    0.000000] Hierarchical RCU implementation.
Jan 11 01:26:00 kernel: [    0.000000] NR_IRQS:2304 nr_irqs:424
Jan 11 01:26:00 kernel: [    0.000000] Extended CMOS year: 2000
Jan 11 01:26:00 kernel: [    0.000000] Console: colour VGA+ 80x25
Jan 11 01:26:00 kernel: [    0.000000] console [tty0] enabled
Jan 11 01:26:00 kernel: [    0.000000] hpet clockevent registered
Jan 11 01:26:00 kernel: [    0.000000] HPET: 3 timers in total, 0 timers will be used for per-cpu timer
Jan 11 01:26:00 kernel: [    0.000000] Fast TSC calibration using PIT
Jan 11 01:26:00 kernel: [    0.000000] Detected 2161.364 MHz processor.
Jan 11 01:26:00 kernel: [    0.004005] Calibrating delay loop (skipped), value calculated using timer frequency.. 4322.72 BogoMIPS (lpj=8645456)
Jan 11 01:26:00 kernel: [    0.004021] Security Framework initialized
Jan 11 01:26:00 kernel: [    0.004041] AppArmor: AppArmor initialized
Jan 11 01:26:00 kernel: [    0.004048] Mount-cache hash table entries: 512
Jan 11 01:26:00 kernel: [    0.004174] Initializing cgroup subsys ns
Jan 11 01:26:00 kernel: [    0.004178] Initializing cgroup subsys cpuacct
Jan 11 01:26:00 kernel: [    0.004182] Initializing cgroup subsys memory
Jan 11 01:26:00 kernel: [    0.004190] Initializing cgroup subsys devices
Jan 11 01:26:00 kernel: [    0.004192] Initializing cgroup subsys freezer
Jan 11 01:26:00 kernel: [    0.004194] Initializing cgroup subsys net_cls
Jan 11 01:26:00 kernel: [    0.004214] CPU: L1 I cache: 32K, L1 D cache: 32K
Jan 11 01:26:00 kernel: [    0.004218] CPU: L2 cache: 2048K
Jan 11 01:26:00 kernel: [    0.004221] CPU: Physical Processor ID: 0
Jan 11 01:26:00 kernel: [    0.004222] CPU: Processor Core ID: 0
Jan 11 01:26:00 kernel: [    0.004226] mce: CPU supports 6 MCE banks
Jan 11 01:26:00 kernel: [    0.004234] CPU0: Thermal monitoring enabled (TM2)
Jan 11 01:26:00 kernel: [    0.004238] using mwait in idle threads.
Jan 11 01:26:00 kernel: [    0.004245] Performance Events: Core2 events, Intel PMU driver.
Jan 11 01:26:00 kernel: [    0.004254] ... version:                2
Jan 11 01:26:00 kernel: [    0.004255] ... bit width:              40
Jan 11 01:26:00 kernel: [    0.004257] ... generic registers:      2
Jan 11 01:26:00 kernel: [    0.004259] ... value mask:             000000ffffffffff
Jan 11 01:26:00 kernel: [    0.004261] ... max period:             000000007fffffff
Jan 11 01:26:00 kernel: [    0.004263] ... fixed-purpose events:   3
Jan 11 01:26:00 kernel: [    0.004264] ... event mask:             0000000700000003
Jan 11 01:26:00 kernel: [    0.004269] Checking 'hlt' instruction... OK.
Jan 11 01:26:00 kernel: [    0.022554] ACPI: Core revision 20090903
Jan 11 01:26:00 kernel: [    0.031983] ftrace: converting mcount calls to 0f 1f 44 00 00
Jan 11 01:26:00 kernel: [    0.032007] ftrace: allocating 21780 entries in 43 pages
Jan 11 01:26:00 kernel: [    0.036057] Enabling APIC mode:  Flat.  Using 1 I/O APICs
Jan 11 01:26:00 kernel: [    0.036440] ..TIMER: vector=0x30 apic1=0 pin1=2 apic2=-1 pin2=-1
Jan 11 01:26:00 kernel: [    0.077379] CPU0: Intel(R) Core(TM)2 Duo CPU     T5850  @ 2.16GHz stepping 0d
Jan 11 01:26:00 kernel: [    0.080001] Booting processor 1 APIC 0x1 ip 0x6000
Jan 11 01:26:00 kernel: [    0.008000] Initializing CPU#1
Jan 11 01:26:00 kernel: [    0.008000] CPU: L1 I cache: 32K, L1 D cache: 32K
Jan 11 01:26:00 kernel: [    0.008000] CPU: L2 cache: 2048K
Jan 11 01:26:00 kernel: [    0.008000] CPU: Physical Processor ID: 0
Jan 11 01:26:00 kernel: [    0.008000] CPU: Processor Core ID: 1
Jan 11 01:26:00 kernel: [    0.008000] CPU1: Thermal monitoring enabled (TM2)
Jan 11 01:26:00 kernel: [    0.164040] CPU1: Intel(R) Core(TM)2 Duo CPU     T5850  @ 2.16GHz stepping 0d
Jan 11 01:26:00 kernel: [    0.164052] checking TSC synchronization [CPU#0 -> CPU#1]: passed.
Jan 11 01:26:00 kernel: [    0.168018] Brought up 2 CPUs
Jan 11 01:26:00 kernel: [    0.168021] Total of 2 processors activated (8645.12 BogoMIPS).
Jan 11 01:26:00 kernel: [    0.168459] CPU0 attaching sched-domain:
Jan 11 01:26:00 kernel: [    0.168462]  domain 0: span 0-1 level MC
Jan 11 01:26:00 kernel: [    0.168465]   groups: 0 1
Jan 11 01:26:00 kernel: [    0.168470] CPU1 attaching sched-domain:
Jan 11 01:26:00 kernel: [    0.168472]  domain 0: span 0-1 level MC
Jan 11 01:26:00 kernel: [    0.168475]   groups: 1 0
Jan 11 01:26:00 kernel: [    0.168567] devtmpfs: initialized
Jan 11 01:26:00 kernel: [    0.168567] regulator: core version 0.5
Jan 11 01:26:00 kernel: [    0.168567] Time:  1:25:58  Date: 01/11/11
Jan 11 01:26:00 kernel: [    0.168567] NET: Registered protocol family 16
Jan 11 01:26:00 kernel: [    0.168567] Trying to unpack rootfs image as initramfs...
Jan 11 01:26:00 kernel: [    0.168567] EISA bus registered
Jan 11 01:26:00 kernel: [    0.168567] ACPI: bus type pci registered
Jan 11 01:26:00 kernel: [    0.168567] PCI: MCFG configuration 0: base f4000000 segment 0 buses 0 - 63
Jan 11 01:26:00 kernel: [    0.168567] PCI: MCFG area at f4000000 reserved in E820
Jan 11 01:26:00 kernel: [    0.168567] PCI: Using MMCONFIG for extended config space
Jan 11 01:26:00 kernel: [    0.168567] PCI: Using configuration type 1 for base access
Jan 11 01:26:00 kernel: [    0.172095] bio: create slab <bio-0> at 0
Jan 11 01:26:00 kernel: [    0.172975] ACPI: EC: Look up EC in DSDT
Jan 11 01:26:00 kernel: [    0.186536] ACPI: SSDT dfe7e080 00043 (v01  LMPWR  DELLLOM 00001001 INTL 20050624)
Jan 11 01:26:00 kernel: [    0.203848] ACPI: Interpreter enabled
Jan 11 01:26:00 kernel: [    0.203863] ACPI: (supports S0 S3 S4 S5)
Jan 11 01:26:00 kernel: [    0.203885] ACPI: Using IOAPIC for interrupt routing
Jan 11 01:26:00 kernel: [    0.243942] ACPI: No dock devices found.
Jan 11 01:26:00 kernel: [    0.259468] ACPI: PCI Root Bridge [PCI0] (0000:00)
Jan 11 01:26:00 kernel: [    0.259629] pci 0000:00:01.0: PME# supported from D0 D3hot D3cold
Jan 11 01:26:00 kernel: [    0.259633] pci 0000:00:01.0: PME# disabled
Jan 11 01:26:00 kernel: [    0.259731] pci 0000:00:1a.0: reg 20 io port: [0x6f20-0x6f3f]
Jan 11 01:26:00 kernel: [    0.259804] pci 0000:00:1a.1: reg 20 io port: [0x6f00-0x6f1f]
Jan 11 01:26:00 kernel: [    0.260020] pci 0000:00:1a.7: reg 10 32bit mmio: [0xfed1c400-0xfed1c7ff]
Jan 11 01:26:00 kernel: [    0.260092] pci 0000:00:1a.7: PME# supported from D0 D3hot D3cold
Jan 11 01:26:00 kernel: [    0.260098] pci 0000:00:1a.7: PME# disabled
Jan 11 01:26:00 kernel: [    0.260159] pci 0000:00:1b.0: reg 10 64bit mmio: [0xfebfc000-0xfebfffff]
Jan 11 01:26:00 kernel: [    0.260227] pci 0000:00:1b.0: PME# supported from D0 D3hot D3cold
Jan 11 01:26:00 kernel: [    0.260232] pci 0000:00:1b.0: PME# disabled
Jan 11 01:26:00 kernel: [    0.260340] pci 0000:00:1c.0: PME# supported from D0 D3hot D3cold
Jan 11 01:26:00 kernel: [    0.260345] pci 0000:00:1c.0: PME# disabled
Jan 11 01:26:00 kernel: [    0.260454] pci 0000:00:1c.1: PME# supported from D0 D3hot D3cold
Jan 11 01:26:00 kernel: [    0.260459] pci 0000:00:1c.1: PME# disabled
Jan 11 01:26:00 kernel: [    0.260571] pci 0000:00:1c.3: PME# supported from D0 D3hot D3cold
Jan 11 01:26:00 kernel: [    0.260576] pci 0000:00:1c.3: PME# disabled
Jan 11 01:26:00 kernel: [    0.260686] pci 0000:00:1c.5: PME# supported from D0 D3hot D3cold
Jan 11 01:26:00 kernel: [    0.260692] pci 0000:00:1c.5: PME# disabled
Jan 11 01:26:00 kernel: [    0.260763] pci 0000:00:1d.0: reg 20 io port: [0x6f80-0x6f9f]
Jan 11 01:26:00 kernel: [    0.260836] pci 0000:00:1d.1: reg 20 io port: [0x6f60-0x6f7f]
Jan 11 01:26:00 kernel: [    0.260911] pci 0000:00:1d.2: reg 20 io port: [0x6f40-0x6f5f]
Jan 11 01:26:00 kernel: [    0.260989] pci 0000:00:1d.7: reg 10 32bit mmio: [0xfed1c000-0xfed1c3ff]
Jan 11 01:26:00 kernel: [    0.261061] pci 0000:00:1d.7: PME# supported from D0 D3hot D3cold
Jan 11 01:26:00 kernel: [    0.261067] pci 0000:00:1d.7: PME# disabled
Jan 11 01:26:00 kernel: [    0.261263] pci 0000:00:1f.0: quirk: region 1000-107f claimed by ICH6 ACPI/GPIO/TCO
Jan 11 01:26:00 kernel: [    0.261267] pci 0000:00:1f.0: quirk: region 1080-10bf claimed by ICH6 GPIO
Jan 11 01:26:00 kernel: [    0.261272] pci 0000:00:1f.0: ICH7 LPC Generic IO decode 1 PIO at 0900 (mask 007f)
Jan 11 01:26:00 kernel: [    0.261278] pci 0000:00:1f.0: ICH7 LPC Generic IO decode 3 PIO at 0c80 (mask 003f)
Jan 11 01:26:00 kernel: [    0.261338] pci 0000:00:1f.1: reg 10 io port: [0x1f0-0x1f7]
Jan 11 01:26:00 kernel: [    0.261346] pci 0000:00:1f.1: reg 14 io port: [0x3f4-0x3f7]
Jan 11 01:26:00 kernel: [    0.261355] pci 0000:00:1f.1: reg 18 io port: [0x170-0x177]
Jan 11 01:26:00 kernel: [    0.261363] pci 0000:00:1f.1: reg 1c io port: [0x374-0x377]
Jan 11 01:26:00 kernel: [    0.261371] pci 0000:00:1f.1: reg 20 io port: [0x6fa0-0x6faf]
Jan 11 01:26:00 kernel: [    0.261454] pci 0000:00:1f.2: reg 10 io port: [0x6eb0-0x6eb7]
Jan 11 01:26:00 kernel: [    0.261463] pci 0000:00:1f.2: reg 14 io port: [0x6eb8-0x6ebb]
Jan 11 01:26:00 kernel: [    0.261472] pci 0000:00:1f.2: reg 18 io port: [0x6ec0-0x6ec7]
Jan 11 01:26:00 kernel: [    0.261480] pci 0000:00:1f.2: reg 1c io port: [0x6ec8-0x6ecb]
Jan 11 01:26:00 kernel: [    0.261489] pci 0000:00:1f.2: reg 20 io port: [0x6ee0-0x6eff]
Jan 11 01:26:00 kernel: [    0.261498] pci 0000:00:1f.2: reg 24 32bit mmio: [0xfebfb800-0xfebfbfff]
Jan 11 01:26:00 kernel: [    0.261546] pci 0000:00:1f.2: PME# supported from D3hot
Jan 11 01:26:00 kernel: [    0.261551] pci 0000:00:1f.2: PME# disabled
Jan 11 01:26:00 kernel: [    0.261588] pci 0000:00:1f.3: reg 10 32bit mmio: [0xfebfb700-0xfebfb7ff]
Jan 11 01:26:00 kernel: [    0.261616] pci 0000:00:1f.3: reg 20 io port: [0x10c0-0x10df]
Jan 11 01:26:00 kernel: [    0.261702] pci 0000:01:00.0: reg 10 32bit mmio: [0xfd000000-0xfdffffff]
Jan 11 01:26:00 kernel: [    0.261719] pci 0000:01:00.0: reg 14 64bit mmio pref: [0xe0000000-0xefffffff]
Jan 11 01:26:00 kernel: [    0.261737] pci 0000:01:00.0: reg 1c 64bit mmio: [0xfa000000-0xfbffffff]
Jan 11 01:26:00 kernel: [    0.261746] pci 0000:01:00.0: reg 24 io port: [0xef00-0xef7f]
Jan 11 01:26:00 kernel: [    0.261756] pci 0000:01:00.0: reg 30 32bit mmio pref: [0x000000-0x01ffff]
Jan 11 01:26:00 kernel: [    0.261877] pci 0000:00:01.0: bridge io port: [0xe000-0xefff]
Jan 11 01:26:00 kernel: [    0.261881] pci 0000:00:01.0: bridge 32bit mmio: [0xfa000000-0xfeafffff]
Jan 11 01:26:00 kernel: [    0.261886] pci 0000:00:01.0: bridge 64bit mmio pref: [0xe0000000-0xefffffff]
Jan 11 01:26:00 kernel: [    0.261974] pci 0000:0b:00.0: reg 10 64bit mmio: [0xf9ffc000-0xf9ffffff]
Jan 11 01:26:00 kernel: [    0.261995] pci 0000:0b:00.0: reg 18 64bit mmio pref: [0xf0000000-0xf00fffff]
Jan 11 01:26:00 kernel: [    0.262082] pci 0000:0b:00.0: supports D1 D2
Jan 11 01:26:00 kernel: [    0.262084] pci 0000:0b:00.0: PME# supported from D3hot D3cold
Jan 11 01:26:00 kernel: [    0.262090] pci 0000:0b:00.0: PME# disabled
Jan 11 01:26:00 kernel: [    0.262189] pci 0000:00:1c.0: bridge 32bit mmio: [0xf9f00000-0xf9ffffff]
Jan 11 01:26:00 kernel: [    0.262198] pci 0000:00:1c.0: bridge 64bit mmio pref: [0xf0000000-0xf00fffff]
Jan 11 01:26:00 kernel: [    0.262389] pci 0000:0c:00.0: reg 10 32bit mmio: [0xf9eff000-0xf9efffff]
Jan 11 01:26:00 kernel: [    0.262641] pci 0000:0c:00.0: PME# supported from D0 D3hot D3cold
Jan 11 01:26:00 kernel: [    0.262654] pci 0000:0c:00.0: PME# disabled
Jan 11 01:26:00 kernel: [    0.262781] pci 0000:00:1c.1: bridge 32bit mmio: [0xf9e00000-0xf9efffff]
Jan 11 01:26:00 kernel: [    0.262854] pci 0000:00:1c.3: bridge io port: [0xd000-0xdfff]
Jan 11 01:26:00 kernel: [    0.262860] pci 0000:00:1c.3: bridge 32bit mmio: [0xf9c00000-0xf9dfffff]
Jan 11 01:26:00 kernel: [    0.262869] pci 0000:00:1c.3: bridge 64bit mmio pref: [0xf0100000-0xf03fffff]
Jan 11 01:26:00 kernel: [    0.263067] pci 0000:09:00.0: reg 10 64bit mmio: [0xf9bf0000-0xf9bfffff]
Jan 11 01:26:00 kernel: [    0.263315] pci 0000:09:00.0: PME# supported from D3hot D3cold
Jan 11 01:26:00 kernel: [    0.263327] pci 0000:09:00.0: PME# disabled
Jan 11 01:26:00 kernel: [    0.263441] pci 0000:00:1c.5: bridge 32bit mmio: [0xf9b00000-0xf9bfffff]
Jan 11 01:26:00 kernel: [    0.263500] pci 0000:03:01.0: reg 10 32bit mmio: [0xf9aff800-0xf9afffff]
Jan 11 01:26:00 kernel: [    0.263567] pci 0000:03:01.0: supports D1 D2
Jan 11 01:26:00 kernel: [    0.263569] pci 0000:03:01.0: PME# supported from D0 D1 D2 D3hot D3cold
Jan 11 01:26:00 kernel: [    0.263575] pci 0000:03:01.0: PME# disabled
Jan 11 01:26:00 kernel: [    0.263623] pci 0000:03:01.1: reg 10 32bit mmio: [0xf9aff500-0xf9aff5ff]
Jan 11 01:26:00 kernel: [    0.263691] pci 0000:03:01.1: supports D1 D2
Jan 11 01:26:00 kernel: [    0.263693] pci 0000:03:01.1: PME# supported from D0 D1 D2 D3hot D3cold
Jan 11 01:26:00 kernel: [    0.263698] pci 0000:03:01.1: PME# disabled
Jan 11 01:26:00 kernel: [    0.263746] pci 0000:03:01.2: reg 10 32bit mmio: [0xf9aff600-0xf9aff6ff]
Jan 11 01:26:00 kernel: [    0.263813] pci 0000:03:01.2: supports D1 D2
Jan 11 01:26:00 kernel: [    0.263815] pci 0000:03:01.2: PME# supported from D0 D1 D2 D3hot D3cold
Jan 11 01:26:00 kernel: [    0.263820] pci 0000:03:01.2: PME# disabled
Jan 11 01:26:00 kernel: [    0.263868] pci 0000:03:01.3: reg 10 32bit mmio: [0xf9aff700-0xf9aff7ff]
Jan 11 01:26:00 kernel: [    0.263935] pci 0000:03:01.3: supports D1 D2
Jan 11 01:26:00 kernel: [    0.263937] pci 0000:03:01.3: PME# supported from D0 D1 D2 D3hot D3cold
Jan 11 01:26:00 kernel: [    0.263942] pci 0000:03:01.3: PME# disabled
Jan 11 01:26:00 kernel: [    0.264032] pci 0000:00:1e.0: transparent bridge
Jan 11 01:26:00 kernel: [    0.264041] pci 0000:00:1e.0: bridge 32bit mmio: [0xf9a00000-0xf9afffff]
Jan 11 01:26:00 kernel: [    0.264087] pci_bus 0000:00: on NUMA node 0
Jan 11 01:26:00 kernel: [    0.264094] ACPI: PCI Interrupt Routing Table [\_SB_.PCI0._PRT]
Jan 11 01:26:00 kernel: [    0.264351] ACPI: PCI Interrupt Routing Table [\_SB_.PCI0.PCIE._PRT]
Jan 11 01:26:00 kernel: [    0.264474] ACPI: PCI Interrupt Routing Table [\_SB_.PCI0.AGP_._PRT]
Jan 11 01:26:00 kernel: [    0.264540] ACPI: PCI Interrupt Routing Table [\_SB_.PCI0.RP01._PRT]
Jan 11 01:26:00 kernel: [    0.264611] ACPI: PCI Interrupt Routing Table [\_SB_.PCI0.RP02._PRT]
Jan 11 01:26:00 kernel: [    0.264684] ACPI: PCI Interrupt Routing Table [\_SB_.PCI0.RP04._PRT]
Jan 11 01:26:00 kernel: [    0.264757] ACPI: PCI Interrupt Routing Table [\_SB_.PCI0.RP06._PRT]
Jan 11 01:26:00 kernel: [    0.277843] ACPI: PCI Interrupt Link [LNKA] (IRQs 9 10 11) *7
Jan 11 01:26:00 kernel: [    0.277964] ACPI: PCI Interrupt Link [LNKB] (IRQs 5 7) *10
Jan 11 01:26:00 kernel: [    0.278078] ACPI: PCI Interrupt Link [LNKC] (IRQs 9 10 11) *4
Jan 11 01:26:00 kernel: [    0.278193] ACPI: PCI Interrupt Link [LNKD] (IRQs *5 7 9 10 11)
Jan 11 01:26:00 kernel: [    0.278308] ACPI: PCI Interrupt Link [LNKE] (IRQs 3 4 5 6 7 9 10 *11 12 14 15)
Jan 11 01:26:00 kernel: [    0.278425] ACPI: PCI Interrupt Link [LNKF] (IRQs 3 4 5 6 7 9 *10 11 12 14 15)
Jan 11 01:26:00 kernel: [    0.278544] ACPI: PCI Interrupt Link [LNKG] (IRQs 3 4 5 6 7 *9 10 11 12 14 15)
Jan 11 01:26:00 kernel: [    0.278648] ACPI: PCI Interrupt Link [LNKH] (IRQs 3 4 5 6 7 9 10 11 12 14 15) *0, disabled.
Jan 11 01:26:00 kernel: [    0.278785] vgaarb: device added: PCI:0000:01:00.0,decodes=io+mem,owns=io+mem,locks=none
Jan 11 01:26:00 kernel: [    0.278792] vgaarb: loaded
Jan 11 01:26:00 kernel: [    0.278909] SCSI subsystem initialized
Jan 11 01:26:00 kernel: [    0.279006] libata version 3.00 loaded.
Jan 11 01:26:00 kernel: [    0.279082] usbcore: registered new interface driver usbfs
Jan 11 01:26:00 kernel: [    0.279096] usbcore: registered new interface driver hub
Jan 11 01:26:00 kernel: [    0.279124] usbcore: registered new device driver usb
Jan 11 01:26:00 kernel: [    0.279271] ACPI: WMI: Mapper loaded
Jan 11 01:26:00 kernel: [    0.279273] PCI: Using ACPI for IRQ routing
Jan 11 01:26:00 kernel: [    0.279549] NetLabel: Initializing
Jan 11 01:26:00 kernel: [    0.279551] NetLabel:  domain hash size = 128
Jan 11 01:26:00 kernel: [    0.279552] NetLabel:  protocols = UNLABELED CIPSOv4
Jan 11 01:26:00 kernel: [    0.279565] NetLabel:  unlabeled traffic allowed by default
Jan 11 01:26:00 kernel: [    0.279597] hpet0: at MMIO 0xfed00000, IRQs 2, 8, 0
Jan 11 01:26:00 kernel: [    0.279602] hpet0: 3 comparators, 64-bit 14.318180 MHz counter
Jan 11 01:26:00 kernel: [    0.284195] Switching to clocksource tsc
Jan 11 01:26:00 kernel: [    0.286080] AppArmor: AppArmor Filesystem Enabled
Jan 11 01:26:00 kernel: [    0.286096] pnp: PnP ACPI init
Jan 11 01:26:00 kernel: [    0.286111] ACPI: bus type pnp registered
Jan 11 01:26:00 kernel: [    0.302625] pnp 00:09: io resource (0x1000-0x1005) overlaps 0000:00:1f.0 BAR 13 (0x1000-0x107f), disabling
Jan 11 01:26:00 kernel: [    0.302629] pnp 00:09: io resource (0x1008-0x100f) overlaps 0000:00:1f.0 BAR 13 (0x1000-0x107f), disabling
Jan 11 01:26:00 kernel: [    0.302734] pnp 00:0a: io resource (0x1006-0x1007) overlaps 0000:00:1f.0 BAR 13 (0x1000-0x107f), disabling
Jan 11 01:26:00 kernel: [    0.302737] pnp 00:0a: io resource (0x100a-0x1059) overlaps 0000:00:1f.0 BAR 13 (0x1000-0x107f), disabling
Jan 11 01:26:00 kernel: [    0.302740] pnp 00:0a: io resource (0x1060-0x107f) overlaps 0000:00:1f.0 BAR 13 (0x1000-0x107f), disabling
Jan 11 01:26:00 kernel: [    0.302743] pnp 00:0a: io resource (0x1010-0x102f) overlaps 0000:00:1f.0 BAR 13 (0x1000-0x107f), disabling
Jan 11 01:26:00 kernel: [    0.322312] pnp 00:0b: mem resource (0xdff00000-0xe06fffff) overlaps 0000:00:01.0 BAR 15 (0xe0000000-0xefffffff), disabling
Jan 11 01:26:00 kernel: [    0.322347] pnp 00:0b: mem resource (0xdff00000-0xe06fffff) overlaps 0000:01:00.0 BAR 1 (0xe0000000-0xefffffff), disabling
Jan 11 01:26:00 kernel: [    0.322581] pnp: PnP ACPI: found 12 devices
Jan 11 01:26:00 kernel: [    0.322583] ACPI: ACPI bus type pnp unregistered
Jan 11 01:26:00 kernel: [    0.322588] PnPBIOS: Disabled by ACPI PNP
Jan 11 01:26:00 kernel: [    0.322603] system 00:05: ioport range 0xc80-0xcff could not be reserved
Jan 11 01:26:00 kernel: [    0.322611] system 00:08: iomem range 0xfed00000-0xfed003ff has been reserved
Jan 11 01:26:00 kernel: [    0.322616] system 00:09: ioport range 0x900-0x97f has been reserved
Jan 11 01:26:00 kernel: [    0.322619] system 00:09: ioport range 0x4d0-0x4d1 has been reserved
Jan 11 01:26:00 kernel: [    0.322625] system 00:0a: ioport range 0xf400-0xf4fe has been reserved
Jan 11 01:26:00 kernel: [    0.322628] system 00:0a: ioport range 0x1080-0x10bf has been reserved
Jan 11 01:26:00 kernel: [    0.322631] system 00:0a: ioport range 0x10c0-0x10df has been reserved
Jan 11 01:26:00 kernel: [    0.322633] system 00:0a: ioport range 0x809-0x809 has been reserved
Jan 11 01:26:00 kernel: [    0.322639] system 00:0b: iomem range 0x0-0x9efff could not be reserved
Jan 11 01:26:00 kernel: [    0.322642] system 00:0b: iomem range 0x9f000-0x9ffff could not be reserved
Jan 11 01:26:00 kernel: [    0.322644] system 00:0b: iomem range 0xc0000-0xcffff could not be reserved
Jan 11 01:26:00 kernel: [    0.322647] system 00:0b: iomem range 0xe0000-0xfffff could not be reserved
Jan 11 01:26:00 kernel: [    0.322650] system 00:0b: iomem range 0x100000-0xdfe6d7ff could not be reserved
Jan 11 01:26:00 kernel: [    0.322653] system 00:0b: iomem range 0xdfe6d800-0xdfefffff has been reserved
Jan 11 01:26:00 kernel: [    0.322655] system 00:0b: iomem range 0xdff00000-0xdfffffff has been reserved
Jan 11 01:26:00 kernel: [    0.322658] system 00:0b: iomem range 0xffe00000-0xffffffff has been reserved
Jan 11 01:26:00 kernel: [    0.322661] system 00:0b: iomem range 0xffa00000-0xffbfffff has been reserved
Jan 11 01:26:00 kernel: [    0.322664] system 00:0b: iomem range 0xfec00000-0xfec0ffff could not be reserved
Jan 11 01:26:00 kernel: [    0.322667] system 00:0b: iomem range 0xfee00000-0xfee0ffff has been reserved
Jan 11 01:26:00 kernel: [    0.322669] system 00:0b: iomem range 0xfed20000-0xfed8ffff has been reserved
Jan 11 01:26:00 kernel: [    0.322672] system 00:0b: iomem range 0xfeda0000-0xfeda3fff has been reserved
Jan 11 01:26:00 kernel: [    0.322675] system 00:0b: iomem range 0xfeda4000-0xfeda4fff has been reserved
Jan 11 01:26:00 kernel: [    0.322678] system 00:0b: iomem range 0xfeda5000-0xfeda5fff has been reserved
Jan 11 01:26:00 kernel: [    0.322680] system 00:0b: iomem range 0xfeda6000-0xfeda6fff has been reserved
Jan 11 01:26:00 kernel: [    0.322683] system 00:0b: iomem range 0xfed18000-0xfed1bfff has been reserved
Jan 11 01:26:00 kernel: [    0.322686] system 00:0b: iomem range 0xf4000000-0xf7ffffff has been reserved
Jan 11 01:26:00 kernel: [    0.347236] Freeing initrd memory: 5640k freed
Jan 11 01:26:00 kernel: [    0.357482] pci 0000:00:01.0: PCI bridge, secondary bus 0000:01
Jan 11 01:26:00 kernel: [    0.357486] pci 0000:00:01.0:   IO window: 0xe000-0xefff
Jan 11 01:26:00 kernel: [    0.357491] pci 0000:00:01.0:   MEM window: 0xfa000000-0xfeafffff
Jan 11 01:26:00 kernel: [    0.357495] pci 0000:00:01.0:   PREFETCH window: 0x000000e0000000-0x000000efffffff
Jan 11 01:26:00 kernel: [    0.357500] pci 0000:00:1c.0: PCI bridge, secondary bus 0000:0b
Jan 11 01:26:00 kernel: [    0.357503] pci 0000:00:1c.0:   IO window: 0x2000-0x2fff
Jan 11 01:26:00 kernel: [    0.357510] pci 0000:00:1c.0:   MEM window: 0xf9f00000-0xf9ffffff
Jan 11 01:26:00 kernel: [    0.357516] pci 0000:00:1c.0:   PREFETCH window: 0x000000f0000000-0x000000f00fffff
Jan 11 01:26:00 kernel: [    0.357524] pci 0000:00:1c.1: PCI bridge, secondary bus 0000:0c
Jan 11 01:26:00 kernel: [    0.357528] pci 0000:00:1c.1:   IO window: 0x3000-0x3fff
Jan 11 01:26:00 kernel: [    0.357534] pci 0000:00:1c.1:   MEM window: 0xf9e00000-0xf9efffff
Jan 11 01:26:00 kernel: [    0.357540] pci 0000:00:1c.1:   PREFETCH window: 0x000000f0400000-0x000000f05fffff
Jan 11 01:26:00 kernel: [    0.357548] pci 0000:00:1c.3: PCI bridge, secondary bus 0000:0d
Jan 11 01:26:00 kernel: [    0.357552] pci 0000:00:1c.3:   IO window: 0xd000-0xdfff
Jan 11 01:26:00 kernel: [    0.357559] pci 0000:00:1c.3:   MEM window: 0xf9c00000-0xf9dfffff
Jan 11 01:26:00 kernel: [    0.357564] pci 0000:00:1c.3:   PREFETCH window: 0x000000f0100000-0x000000f03fffff
Jan 11 01:26:00 kernel: [    0.357573] pci 0000:00:1c.5: PCI bridge, secondary bus 0000:09
Jan 11 01:26:00 kernel: [    0.357576] pci 0000:00:1c.5:   IO window: 0x4000-0x4fff
Jan 11 01:26:00 kernel: [    0.357583] pci 0000:00:1c.5:   MEM window: 0xf9b00000-0xf9bfffff
Jan 11 01:26:00 kernel: [    0.357588] pci 0000:00:1c.5:   PREFETCH window: 0x000000f0600000-0x000000f07fffff
Jan 11 01:26:00 kernel: [    0.357597] pci 0000:00:1e.0: PCI bridge, secondary bus 0000:03
Jan 11 01:26:00 kernel: [    0.357599] pci 0000:00:1e.0:   IO window: disabled
Jan 11 01:26:00 kernel: [    0.357606] pci 0000:00:1e.0:   MEM window: 0xf9a00000-0xf9afffff
Jan 11 01:26:00 kernel: [    0.357611] pci 0000:00:1e.0:   PREFETCH window: disabled
Jan 11 01:26:00 kernel: [    0.357634]   alloc irq_desc for 16 on node -1
Jan 11 01:26:00 kernel: [    0.357636]   alloc kstat_irqs on node -1
Jan 11 01:26:00 kernel: [    0.357645] pci 0000:00:01.0: PCI INT A -> GSI 16 (level, low) -> IRQ 16
Jan 11 01:26:00 kernel: [    0.357650] pci 0000:00:01.0: setting latency timer to 64
Jan 11 01:26:00 kernel: [    0.357661] pci 0000:00:1c.0: PCI INT A -> GSI 16 (level, low) -> IRQ 16
Jan 11 01:26:00 kernel: [    0.357666] pci 0000:00:1c.0: setting latency timer to 64
Jan 11 01:26:00 kernel: [    0.357677]   alloc irq_desc for 17 on node -1
Jan 11 01:26:00 kernel: [    0.357679]   alloc kstat_irqs on node -1
Jan 11 01:26:00 kernel: [    0.357682] pci 0000:00:1c.1: PCI INT B -> GSI 17 (level, low) -> IRQ 17
Jan 11 01:26:00 kernel: [    0.357688] pci 0000:00:1c.1: setting latency timer to 64
Jan 11 01:26:00 kernel: [    0.357699]   alloc irq_desc for 19 on node -1
Jan 11 01:26:00 kernel: [    0.357700]   alloc kstat_irqs on node -1
Jan 11 01:26:00 kernel: [    0.357704] pci 0000:00:1c.3: PCI INT D -> GSI 19 (level, low) -> IRQ 19
Jan 11 01:26:00 kernel: [    0.357709] pci 0000:00:1c.3: setting latency timer to 64
Jan 11 01:26:00 kernel: [    0.357720] pci 0000:00:1c.5: PCI INT B -> GSI 17 (level, low) -> IRQ 17
Jan 11 01:26:00 kernel: [    0.357725] pci 0000:00:1c.5: setting latency timer to 64
Jan 11 01:26:00 kernel: [    0.357735] pci 0000:00:1e.0: setting latency timer to 64
Jan 11 01:26:00 kernel: [    0.357740] pci_bus 0000:00: resource 0 io:  [0x00-0xffff]
Jan 11 01:26:00 kernel: [    0.357742] pci_bus 0000:00: resource 1 mem: [0x000000-0xffffffff]
Jan 11 01:26:00 kernel: [    0.357745] pci_bus 0000:01: resource 0 io:  [0xe000-0xefff]
Jan 11 01:26:00 kernel: [    0.357747] pci_bus 0000:01: resource 1 mem: [0xfa000000-0xfeafffff]
Jan 11 01:26:00 kernel: [    0.357749] pci_bus 0000:01: resource 2 pref mem [0xe0000000-0xefffffff]
Jan 11 01:26:00 kernel: [    0.357752] pci_bus 0000:0b: resource 0 io:  [0x2000-0x2fff]
Jan 11 01:26:00 kernel: [    0.357754] pci_bus 0000:0b: resource 1 mem: [0xf9f00000-0xf9ffffff]
Jan 11 01:26:00 kernel: [    0.357756] pci_bus 0000:0b: resource 2 pref mem [0xf0000000-0xf00fffff]
Jan 11 01:26:00 kernel: [    0.357759] pci_bus 0000:0c: resource 0 io:  [0x3000-0x3fff]
Jan 11 01:26:00 kernel: [    0.357761] pci_bus 0000:0c: resource 1 mem: [0xf9e00000-0xf9efffff]
Jan 11 01:26:00 kernel: [    0.357764] pci_bus 0000:0c: resource 2 pref mem [0xf0400000-0xf05fffff]
Jan 11 01:26:00 kernel: [    0.357766] pci_bus 0000:0d: resource 0 io:  [0xd000-0xdfff]
Jan 11 01:26:00 kernel: [    0.357768] pci_bus 0000:0d: resource 1 mem: [0xf9c00000-0xf9dfffff]
Jan 11 01:26:00 kernel: [    0.357771] pci_bus 0000:0d: resource 2 pref mem [0xf0100000-0xf03fffff]
Jan 11 01:26:00 kernel: [    0.357773] pci_bus 0000:09: resource 0 io:  [0x4000-0x4fff]
Jan 11 01:26:00 kernel: [    0.357775] pci_bus 0000:09: resource 1 mem: [0xf9b00000-0xf9bfffff]
Jan 11 01:26:00 kernel: [    0.357778] pci_bus 0000:09: resource 2 pref mem [0xf0600000-0xf07fffff]
Jan 11 01:26:00 kernel: [    0.357780] pci_bus 0000:03: resource 1 mem: [0xf9a00000-0xf9afffff]
Jan 11 01:26:00 kernel: [    0.357782] pci_bus 0000:03: resource 3 io:  [0x00-0xffff]
Jan 11 01:26:00 kernel: [    0.357784] pci_bus 0000:03: resource 4 mem: [0x000000-0xffffffff]
Jan 11 01:26:00 kernel: [    0.357831] NET: Registered protocol family 2
Jan 11 01:26:00 kernel: [    0.357945] IP route cache hash table entries: 32768 (order: 5, 131072 bytes)
Jan 11 01:26:00 kernel: [    0.358301] TCP established hash table entries: 131072 (order: 8, 1048576 bytes)
Jan 11 01:26:00 kernel: [    0.358879] TCP bind hash table entries: 65536 (order: 7, 524288 bytes)
Jan 11 01:26:00 kernel: [    0.359138] TCP: Hash tables configured (established 131072 bind 65536)
Jan 11 01:26:00 kernel: [    0.359140] TCP reno registered
Jan 11 01:26:00 kernel: [    0.359206] NET: Registered protocol family 1
Jan 11 01:26:00 kernel: [    0.359381] pci 0000:01:00.0: Boot video device
Jan 11 01:26:00 kernel: [    0.359445] Simple Boot Flag at 0x79 set to 0x1
Jan 11 01:26:00 kernel: [    0.359618] cpufreq-nforce2: No nForce2 chipset.
Jan 11 01:26:00 kernel: [    0.359646] Scanning for low memory corruption every 60 seconds
Jan 11 01:26:00 kernel: [    0.359758] audit: initializing netlink socket (disabled)
Jan 11 01:26:00 kernel: [    0.359768] type=2000 audit(1294709158.359:1): initialized
Jan 11 01:26:00 kernel: [    0.369102] highmem bounce pool size: 64 pages
Jan 11 01:26:00 kernel: [    0.369108] HugeTLB registered 4 MB page size, pre-allocated 0 pages
Jan 11 01:26:00 kernel: [    0.370586] VFS: Disk quotas dquot_6.5.2
Jan 11 01:26:00 kernel: [    0.370642] Dquot-cache hash table entries: 1024 (order 0, 4096 bytes)
Jan 11 01:26:00 kernel: [    0.371185] fuse init (API version 7.13)
Jan 11 01:26:00 kernel: [    0.371267] msgmni has been set to 1666
Jan 11 01:26:00 kernel: [    0.371467] alg: No test for stdrng (krng)
Jan 11 01:26:00 kernel: [    0.371519] Block layer SCSI generic (bsg) driver version 0.4 loaded (major 253)
Jan 11 01:26:00 kernel: [    0.371522] io scheduler noop registered
Jan 11 01:26:00 kernel: [    0.371524] io scheduler anticipatory registered
Jan 11 01:26:00 kernel: [    0.371525] io scheduler deadline registered
Jan 11 01:26:00 kernel: [    0.371563] io scheduler cfq registered (default)
Jan 11 01:26:00 kernel: [    0.371718]   alloc irq_desc for 24 on node -1
Jan 11 01:26:00 kernel: [    0.371720]   alloc kstat_irqs on node -1
Jan 11 01:26:00 kernel: [    0.371728] pcieport 0000:00:01.0: irq 24 for MSI/MSI-X
Jan 11 01:26:00 kernel: [    0.371735] pcieport 0000:00:01.0: setting latency timer to 64
Jan 11 01:26:00 kernel: [    0.371873]   alloc irq_desc for 25 on node -1
Jan 11 01:26:00 kernel: [    0.371874]   alloc kstat_irqs on node -1
Jan 11 01:26:00 kernel: [    0.371884] pcieport 0000:00:1c.0: irq 25 for MSI/MSI-X
Jan 11 01:26:00 kernel: [    0.371895] pcieport 0000:00:1c.0: setting latency timer to 64
Jan 11 01:26:00 kernel: [    0.372057]   alloc irq_desc for 26 on node -1
Jan 11 01:26:00 kernel: [    0.372059]   alloc kstat_irqs on node -1
Jan 11 01:26:00 kernel: [    0.372068] pcieport 0000:00:1c.1: irq 26 for MSI/MSI-X
Jan 11 01:26:00 kernel: [    0.372080] pcieport 0000:00:1c.1: setting latency timer to 64
Jan 11 01:26:00 kernel: [    0.372246]   alloc irq_desc for 27 on node -1
Jan 11 01:26:00 kernel: [    0.372248]   alloc kstat_irqs on node -1
Jan 11 01:26:00 kernel: [    0.372257] pcieport 0000:00:1c.3: irq 27 for MSI/MSI-X
Jan 11 01:26:00 kernel: [    0.372268] pcieport 0000:00:1c.3: setting latency timer to 64
Jan 11 01:26:00 kernel: [    0.372431]   alloc irq_desc for 28 on node -1
Jan 11 01:26:00 kernel: [    0.372433]   alloc kstat_irqs on node -1
Jan 11 01:26:00 kernel: [    0.372442] pcieport 0000:00:1c.5: irq 28 for MSI/MSI-X
Jan 11 01:26:00 kernel: [    0.372454] pcieport 0000:00:1c.5: setting latency timer to 64
Jan 11 01:26:00 kernel: [    0.372560] pci_hotplug: PCI Hot Plug PCI Core version: 0.5
Jan 11 01:26:00 kernel: [    0.372695] pciehp: PCI Express Hot Plug Controller Driver version: 0.4
Jan 11 01:26:00 kernel: [    0.372814] ACPI: AC Adapter [AC] (off-line)
Jan 11 01:26:00 kernel: [    0.372902] input: Lid Switch as /devices/LNXSYSTM:00/LNXSYBUS:00/PNP0C0D:00/input/input0
Jan 11 01:26:00 kernel: [    0.373496] ACPI: Lid Switch [LID]
Jan 11 01:26:00 kernel: [    0.373542] input: Power Button as /devices/LNXSYSTM:00/LNXSYBUS:00/PNP0C0C:00/input/input1
Jan 11 01:26:00 kernel: [    0.373549] ACPI: Power Button [PBTN]
Jan 11 01:26:00 kernel: [    0.373592] input: Sleep Button as /devices/LNXSYSTM:00/LNXSYBUS:00/PNP0C0E:00/input/input2
Jan 11 01:26:00 kernel: [    0.373595] ACPI: Sleep Button [SBTN]
Jan 11 01:26:00 kernel: [    0.374223] ACPI: SSDT dfe6e530 00244 (v01  PmRef  Cpu0Ist 00003000 INTL 20050624)
Jan 11 01:26:00 kernel: [    0.374701] ACPI: SSDT dfe6dec6 005E5 (v01  PmRef  Cpu0Cst 00003001 INTL 20050624)
Jan 11 01:26:00 kernel: [    0.375042] Monitor-Mwait will be used to enter C-1 state
Jan 11 01:26:00 kernel: [    0.375069] Monitor-Mwait will be used to enter C-2 state
Jan 11 01:26:00 kernel: [    0.375092] Monitor-Mwait will be used to enter C-3 state
Jan 11 01:26:00 kernel: [    0.375099] Marking TSC unstable due to TSC halts in idle
Jan 11 01:26:00 kernel: [    0.375144] Switching to clocksource hpet
Jan 11 01:26:00 kernel: [    0.375205] processor LNXCPU:00: registered as cooling_device0
Jan 11 01:26:00 kernel: [    0.375524] ACPI: SSDT dfe6e774 000C4 (v01  PmRef  Cpu1Ist 00003000 INTL 20050624)
Jan 11 01:26:00 kernel: [    0.375827] ACPI: SSDT dfe6e4ab 00085 (v01  PmRef  Cpu1Cst 00003000 INTL 20050624)
Jan 11 01:26:00 kernel: [    0.376298] processor LNXCPU:01: registered as cooling_device1
Jan 11 01:26:00 kernel: [    0.383542] thermal LNXTHERM:01: registered as thermal_zone0
Jan 11 01:26:00 kernel: [    0.383550] ACPI: Thermal Zone [THM] (53 C)
Jan 11 01:26:00 kernel: [    0.389170] isapnp: Scanning for PnP cards...
Jan 11 01:26:00 kernel: [    0.409699] Serial: 8250/16550 driver, 4 ports, IRQ sharing enabled
Jan 11 01:26:00 kernel: [    0.411007] brd: module loaded
Jan 11 01:26:00 kernel: [    0.411466] loop: module loaded
Jan 11 01:26:00 kernel: [    0.411536] input: Macintosh mouse button emulation as /devices/virtual/input/input3
Jan 11 01:26:00 kernel: [    0.411615] ata_piix 0000:00:1f.1: version 2.13
Jan 11 01:26:00 kernel: [    0.411626] ata_piix 0000:00:1f.1: PCI INT A -> GSI 16 (level, low) -> IRQ 16
Jan 11 01:26:00 kernel: [    0.411665] ata_piix 0000:00:1f.1: setting latency timer to 64
Jan 11 01:26:00 kernel: [    0.422886] ACPI: Battery Slot [BAT0] (battery present)
Jan 11 01:26:00 kernel: [    0.440755] scsi0 : ata_piix
Jan 11 01:26:00 kernel: [    0.445033] scsi1 : ata_piix
Jan 11 01:26:00 kernel: [    0.445592] ata1: PATA max UDMA/100 cmd 0x1f0 ctl 0x3f6 bmdma 0x6fa0 irq 14
Jan 11 01:26:00 kernel: [    0.445595] ata2: PATA max UDMA/100 cmd 0x170 ctl 0x376 bmdma 0x6fa8 irq 15
Jan 11 01:26:00 kernel: [    0.445918] Fixed MDIO Bus: probed
Jan 11 01:26:00 kernel: [    0.445951] PPP generic driver version 2.4.2
Jan 11 01:26:00 kernel: [    0.445986] tun: Universal TUN/TAP device driver, 1.6
Jan 11 01:26:00 kernel: [    0.445988] tun: (C) 1999-2004 Max Krasnyansky <maxk@qualcomm.com>
Jan 11 01:26:00 kernel: [    0.446064] ehci_hcd: USB 2.0 'Enhanced' Host Controller (EHCI) Driver
Jan 11 01:26:00 kernel: [    0.446084]   alloc irq_desc for 22 on node -1
Jan 11 01:26:00 kernel: [    0.446086]   alloc kstat_irqs on node -1
Jan 11 01:26:00 kernel: [    0.446091] ehci_hcd 0000:00:1a.7: PCI INT C -> GSI 22 (level, low) -> IRQ 22
Jan 11 01:26:00 kernel: [    0.446102] ehci_hcd 0000:00:1a.7: setting latency timer to 64
Jan 11 01:26:00 kernel: [    0.446106] ehci_hcd 0000:00:1a.7: EHCI Host Controller
Jan 11 01:26:00 kernel: [    0.446140] ehci_hcd 0000:00:1a.7: new USB bus registered, assigned bus number 1
Jan 11 01:26:00 kernel: [    0.446170] ehci_hcd 0000:00:1a.7: debug port 1
Jan 11 01:26:00 kernel: [    0.450062] ehci_hcd 0000:00:1a.7: cache line size of 32 is not supported
Jan 11 01:26:00 kernel: [    0.450216] ehci_hcd 0000:00:1a.7: irq 22, io mem 0xfed1c400
Jan 11 01:26:00 kernel: [    0.454139] ata2: port disabled. ignoring.
Jan 11 01:26:00 kernel: [    0.465016] ehci_hcd 0000:00:1a.7: USB 2.0 started, EHCI 1.00
Jan 11 01:26:00 kernel: [    0.465105] usb usb1: configuration #1 chosen from 1 choice
Jan 11 01:26:00 kernel: [    0.465134] hub 1-0:1.0: USB hub found
Jan 11 01:26:00 kernel: [    0.465141] hub 1-0:1.0: 4 ports detected
Jan 11 01:26:00 kernel: [    0.465197]   alloc irq_desc for 20 on node -1
Jan 11 01:26:00 kernel: [    0.465198]   alloc kstat_irqs on node -1
Jan 11 01:26:00 kernel: [    0.465203] ehci_hcd 0000:00:1d.7: PCI INT A -> GSI 20 (level, low) -> IRQ 20
Jan 11 01:26:00 kernel: [    0.465213] ehci_hcd 0000:00:1d.7: setting latency timer to 64
Jan 11 01:26:00 kernel: [    0.465216] ehci_hcd 0000:00:1d.7: EHCI Host Controller
Jan 11 01:26:00 kernel: [    0.465245] ehci_hcd 0000:00:1d.7: new USB bus registered, assigned bus number 2
Jan 11 01:26:00 kernel: [    0.465273] ehci_hcd 0000:00:1d.7: debug port 1
Jan 11 01:26:00 kernel: [    0.469167] ehci_hcd 0000:00:1d.7: cache line size of 32 is not supported
Jan 11 01:26:00 kernel: [    0.469180] ehci_hcd 0000:00:1d.7: irq 20, io mem 0xfed1c000
Jan 11 01:26:00 kernel: [    0.485015] ehci_hcd 0000:00:1d.7: USB 2.0 started, EHCI 1.00
Jan 11 01:26:00 kernel: [    0.485082] usb usb2: configuration #1 chosen from 1 choice
Jan 11 01:26:00 kernel: [    0.485106] hub 2-0:1.0: USB hub found
Jan 11 01:26:00 kernel: [    0.485113] hub 2-0:1.0: 6 ports detected
Jan 11 01:26:00 kernel: [    0.485174] ohci_hcd: USB 1.1 'Open' Host Controller (OHCI) Driver
Jan 11 01:26:00 kernel: [    0.485189] uhci_hcd: USB Universal Host Controller Interface driver
Jan 11 01:26:00 kernel: [    0.485208] uhci_hcd 0000:00:1a.0: PCI INT A -> GSI 20 (level, low) -> IRQ 20
Jan 11 01:26:00 kernel: [    0.485214] uhci_hcd 0000:00:1a.0: setting latency timer to 64
Jan 11 01:26:00 kernel: [    0.485218] uhci_hcd 0000:00:1a.0: UHCI Host Controller
Jan 11 01:26:00 kernel: [    0.485246] uhci_hcd 0000:00:1a.0: new USB bus registered, assigned bus number 3
Jan 11 01:26:00 kernel: [    0.485275] uhci_hcd 0000:00:1a.0: irq 20, io base 0x00006f20
Jan 11 01:26:00 kernel: [    0.485361] usb usb3: configuration #1 chosen from 1 choice
Jan 11 01:26:00 kernel: [    0.485385] hub 3-0:1.0: USB hub found
Jan 11 01:26:00 kernel: [    0.485392] hub 3-0:1.0: 2 ports detected
Jan 11 01:26:00 kernel: [    0.485437]   alloc irq_desc for 21 on node -1
Jan 11 01:26:00 kernel: [    0.485439]   alloc kstat_irqs on node -1
Jan 11 01:26:00 kernel: [    0.485443] uhci_hcd 0000:00:1a.1: PCI INT B -> GSI 21 (level, low) -> IRQ 21
Jan 11 01:26:00 kernel: [    0.485450] uhci_hcd 0000:00:1a.1: setting latency timer to 64
Jan 11 01:26:00 kernel: [    0.485453] uhci_hcd 0000:00:1a.1: UHCI Host Controller
Jan 11 01:26:00 kernel: [    0.485486] uhci_hcd 0000:00:1a.1: new USB bus registered, assigned bus number 4
Jan 11 01:26:00 kernel: [    0.485521] uhci_hcd 0000:00:1a.1: irq 21, io base 0x00006f00
Jan 11 01:26:00 kernel: [    0.485607] usb usb4: configuration #1 chosen from 1 choice
Jan 11 01:26:00 kernel: [    0.485630] hub 4-0:1.0: USB hub found
Jan 11 01:26:00 kernel: [    0.485637] hub 4-0:1.0: 2 ports detected
Jan 11 01:26:00 kernel: [    0.485682] uhci_hcd 0000:00:1d.0: PCI INT A -> GSI 20 (level, low) -> IRQ 20
Jan 11 01:26:00 kernel: [    0.485688] uhci_hcd 0000:00:1d.0: setting latency timer to 64
Jan 11 01:26:00 kernel: [    0.485692] uhci_hcd 0000:00:1d.0: UHCI Host Controller
Jan 11 01:26:00 kernel: [    0.485721] uhci_hcd 0000:00:1d.0: new USB bus registered, assigned bus number 5
Jan 11 01:26:00 kernel: [    0.485750] uhci_hcd 0000:00:1d.0: irq 20, io base 0x00006f80
Jan 11 01:26:00 kernel: [    0.485832] usb usb5: configuration #1 chosen from 1 choice
Jan 11 01:26:00 kernel: [    0.485856] hub 5-0:1.0: USB hub found
Jan 11 01:26:00 kernel: [    0.485862] hub 5-0:1.0: 2 ports detected
Jan 11 01:26:00 kernel: [    0.485908] uhci_hcd 0000:00:1d.1: PCI INT B -> GSI 21 (level, low) -> IRQ 21
Jan 11 01:26:00 kernel: [    0.485914] uhci_hcd 0000:00:1d.1: setting latency timer to 64
Jan 11 01:26:00 kernel: [    0.485918] uhci_hcd 0000:00:1d.1: UHCI Host Controller
Jan 11 01:26:00 kernel: [    0.485953] uhci_hcd 0000:00:1d.1: new USB bus registered, assigned bus number 6
Jan 11 01:26:00 kernel: [    0.485981] uhci_hcd 0000:00:1d.1: irq 21, io base 0x00006f60
Jan 11 01:26:00 kernel: [    0.486065] usb usb6: configuration #1 chosen from 1 choice
Jan 11 01:26:00 kernel: [    0.486088] hub 6-0:1.0: USB hub found
Jan 11 01:26:00 kernel: [    0.486094] hub 6-0:1.0: 2 ports detected
Jan 11 01:26:00 kernel: [    0.486144] uhci_hcd 0000:00:1d.2: PCI INT C -> GSI 22 (level, low) -> IRQ 22
Jan 11 01:26:00 kernel: [    0.486151] uhci_hcd 0000:00:1d.2: setting latency timer to 64
Jan 11 01:26:00 kernel: [    0.486154] uhci_hcd 0000:00:1d.2: UHCI Host Controller
Jan 11 01:26:00 kernel: [    0.486182] uhci_hcd 0000:00:1d.2: new USB bus registered, assigned bus number 7
Jan 11 01:26:00 kernel: [    0.486210] uhci_hcd 0000:00:1d.2: irq 22, io base 0x00006f40
Jan 11 01:26:00 kernel: [    0.486293] usb usb7: configuration #1 chosen from 1 choice
Jan 11 01:26:00 kernel: [    0.486316] hub 7-0:1.0: USB hub found
Jan 11 01:26:00 kernel: [    0.486322] hub 7-0:1.0: 2 ports detected
Jan 11 01:26:00 kernel: [    0.486414] PNP: PS/2 Controller [PNP0303:KBC,PNP0f13:PS2M] at 0x60,0x64 irq 1,12
Jan 11 01:26:00 kernel: [    0.489077] serio: i8042 KBD port at 0x60,0x64 irq 1
Jan 11 01:26:00 kernel: [    0.489083] serio: i8042 AUX port at 0x60,0x64 irq 12
Jan 11 01:26:00 kernel: [    0.489149] mice: PS/2 mouse device common for all mice
Jan 11 01:26:00 kernel: [    0.489266] rtc_cmos 00:03: RTC can wake from S4
Jan 11 01:26:00 kernel: [    0.489300] rtc_cmos 00:03: rtc core: registered rtc_cmos as rtc0
Jan 11 01:26:00 kernel: [    0.489332] rtc0: alarms up to one month, y3k, 114 bytes nvram, hpet irqs
Jan 11 01:26:00 kernel: [    0.489426] device-mapper: uevent: version 1.0.3
Jan 11 01:26:00 kernel: [    0.489509] device-mapper: ioctl: 4.15.0-ioctl (2009-04-01) initialised: dm-devel@redhat.com
Jan 11 01:26:00 kernel: [    0.489566] device-mapper: multipath: version 1.1.0 loaded
Jan 11 01:26:00 kernel: [    0.489569] device-mapper: multipath round-robin: version 1.0.0 loaded
Jan 11 01:26:00 kernel: [    0.489669] EISA: Probing bus 0 at eisa.0
Jan 11 01:26:00 kernel: [    0.489721] EISA: Mainboard LW_FFFF detected.
Jan 11 01:26:00 kernel: [    0.489734] Cannot allocate resource for EISA slot 1
Jan 11 01:26:00 kernel: [    0.489736] Cannot allocate resource for EISA slot 2
Jan 11 01:26:00 kernel: [    0.489738] Cannot allocate resource for EISA slot 3
Jan 11 01:26:00 kernel: [    0.489740] Cannot allocate resource for EISA slot 4
Jan 11 01:26:00 kernel: [    0.489758] EISA: Detected 0 cards.
Jan 11 01:26:00 kernel: [    0.489891] cpuidle: using governor ladder
Jan 11 01:26:00 kernel: [    0.490002] cpuidle: using governor menu
Jan 11 01:26:00 kernel: [    0.490421] TCP cubic registered
Jan 11 01:26:00 kernel: [    0.490566] NET: Registered protocol family 10
Jan 11 01:26:00 kernel: [    0.491016] lo: Disabled Privacy Extensions
Jan 11 01:26:00 kernel: [    0.491346] NET: Registered protocol family 17
Jan 11 01:26:00 kernel: [    0.491845] Using IPI No-Shortcut mode
Jan 11 01:26:00 kernel: [    0.491909] PM: Resume from disk failed.
Jan 11 01:26:00 kernel: [    0.491920] registered taskstats version 1
Jan 11 01:26:00 kernel: [    0.492724]   Magic number: 11:271:407
Jan 11 01:26:00 kernel: [    0.492753] ac ACPI0003:00: hash matches
Jan 11 01:26:00 kernel: [    0.492768] acpi PNP0800:00: hash matches
Jan 11 01:26:00 kernel: [    0.492807] rtc_cmos 00:03: setting system clock to 2011-01-11 01:25:58 UTC (1294709158)
Jan 11 01:26:00 kernel: [    0.492810] BIOS EDD facility v0.16 2004-Jun-25, 0 devices found
Jan 11 01:26:00 kernel: [    0.492812] EDD information not available.
Jan 11 01:26:00 kernel: [    0.495810] input: AT Translated Set 2 keyboard as /devices/platform/i8042/serio0/input/input4
Jan 11 01:26:00 kernel: [    0.624543] ata1.00: ATAPI: MATSHITA DVD+/-RW UJ-857G, Z111, max UDMA/33
Jan 11 01:26:00 kernel: [    0.640439] ata1.00: configured for UDMA/33
Jan 11 01:26:00 kernel: [    0.746161] isapnp: No Plug & Play device found
Jan 11 01:26:00 kernel: [    0.747976] scsi 0:0:0:0: CD-ROM            MATSHITA DVD+-RW UJ-857G  Z111 PQ: 0 ANSI: 5
Jan 11 01:26:00 kernel: [    0.749714] sr0: scsi3-mmc drive: 24x/24x writer cd/rw xa/form2 cdda caddy
Jan 11 01:26:00 kernel: [    0.749719] Uniform CD-ROM driver Revision: 3.20
Jan 11 01:26:00 kernel: [    0.749899] sr 0:0:0:0: Attached scsi CD-ROM sr0
Jan 11 01:26:00 kernel: [    0.749952] sr 0:0:0:0: Attached scsi generic sg0 type 5
Jan 11 01:26:00 kernel: [    0.750010] Freeing unused kernel memory: 660k freed
Jan 11 01:26:00 kernel: [    0.750391] Write protecting the kernel text: 4680k
Jan 11 01:26:00 kernel: [    0.750442] Write protecting the kernel read-only data: 1840k
Jan 11 01:26:00 kernel: [    0.791521] vga16fb: initializing
Jan 11 01:26:00 kernel: [    0.791525] vga16fb: mapped to 0xc00a0000
Jan 11 01:26:00 kernel: [    0.791583] fb0: VGA16 VGA frame buffer device
Jan 11 01:26:00 kernel: [    0.902029] ahci 0000:00:1f.2: version 3.0
Jan 11 01:26:00 kernel: [    0.902056] ahci 0000:00:1f.2: PCI INT B -> GSI 17 (level, low) -> IRQ 17
Jan 11 01:26:00 kernel: [    0.902115]   alloc irq_desc for 29 on node -1
Jan 11 01:26:00 kernel: [    0.902117]   alloc kstat_irqs on node -1
Jan 11 01:26:00 kernel: [    0.902132] ahci 0000:00:1f.2: irq 29 for MSI/MSI-X
Jan 11 01:26:00 kernel: [    0.902209] ahci 0000:00:1f.2: AHCI 0001.0100 32 slots 3 ports 3 Gbps 0x5 impl SATA mode
Jan 11 01:26:00 kernel: [    0.902213] ahci 0000:00:1f.2: flags: 64bit ncq sntf pm led clo pio slum part ccc ems 
Jan 11 01:26:00 kernel: [    0.902220] ahci 0000:00:1f.2: setting latency timer to 64
Jan 11 01:26:00 kernel: [    0.969222] scsi2 : ahci
Jan 11 01:26:00 kernel: [    0.977754] scsi3 : ahci
Jan 11 01:26:00 kernel: [    0.985109] scsi4 : ahci
Jan 11 01:26:00 kernel: [    0.985444] ata3: SATA max UDMA/133 abar m2048@0xfebfb800 port 0xfebfb900 irq 29
Jan 11 01:26:00 kernel: [    0.985447] ata4: DUMMY
Jan 11 01:26:00 kernel: [    0.985450] ata5: SATA max UDMA/133 abar m2048@0xfebfb800 port 0xfebfba00 irq 29
Jan 11 01:26:00 kernel: [    0.989024] ohci1394 0000:03:01.0: PCI INT A -> GSI 19 (level, low) -> IRQ 19
Jan 11 01:26:00 kernel: [    1.037057] usb 2-6: new high speed USB device using ehci_hcd and address 3
Jan 11 01:26:00 kernel: [    1.046091] ohci1394: fw-host0: OHCI-1394 1.1 (PCI): IRQ=[19]  MMIO=[f9aff800-f9afffff]  Max Packet=[2048]  IR/IT contexts=[4/4]
Jan 11 01:26:00 kernel: [    1.174097] usb 2-6: configuration #1 chosen from 1 choice
Jan 11 01:26:00 kernel: [    1.284704] Console: switching to colour frame buffer device 80x30
Jan 11 01:26:00 kernel: [    1.308136] ata3: SATA link up 3.0 Gbps (SStatus 123 SControl 300)
Jan 11 01:26:00 kernel: [    1.308170] ata5: SATA link down (SStatus 0 SControl 300)
Jan 11 01:26:00 kernel: [    1.308636] ata3.00: ATA-7: STT_FTM8GL25V, 090928S, max UDMA/133
Jan 11 01:26:00 kernel: [    1.308642] ata3.00: 15744960 sectors, multi 1: LBA48 
Jan 11 01:26:00 kernel: [    1.309305] ata3.00: configured for UDMA/133
Jan 11 01:26:00 kernel: [    1.324220] scsi 2:0:0:0: Direct-Access     ATA      STT_FTM8GL25V    0909 PQ: 0 ANSI: 5
Jan 11 01:26:00 kernel: [    1.324392] sd 2:0:0:0: Attached scsi generic sg1 type 0
Jan 11 01:26:00 kernel: [    1.324477] sd 2:0:0:0: [sda] 15744960 512-byte logical blocks: (8.06 GB/7.50 GiB)
Jan 11 01:26:00 kernel: [    1.324520] sd 2:0:0:0: [sda] Write Protect is off
Jan 11 01:26:00 kernel: [    1.324523] sd 2:0:0:0: [sda] Mode Sense: 00 3a 00 00
Jan 11 01:26:00 kernel: [    1.324545] sd 2:0:0:0: [sda] Write cache: disabled, read cache: enabled, doesn't support DPO or FUA
Jan 11 01:26:00 kernel: [    1.324671]  sda: sda1 sda2 < sda5 >
Jan 11 01:26:00 kernel: [    1.325438] sd 2:0:0:0: [sda] Attached SCSI disk
Jan 11 01:26:00 kernel: [    1.416101] usb 3-2: new full speed USB device using uhci_hcd and address 2
Jan 11 01:26:00 kernel: [    1.588499] usb 3-2: configuration #1 chosen from 1 choice
Jan 11 01:26:00 kernel: [    1.590410] hub 3-2:1.0: USB hub found
Jan 11 01:26:00 kernel: [    1.592333] hub 3-2:1.0: 3 ports detected
Jan 11 01:26:00 kernel: [    1.836069] usb 7-1: new full speed USB device using uhci_hcd and address 2
Jan 11 01:26:00 kernel: [    2.008427] usb 7-1: configuration #1 chosen from 1 choice
Jan 11 01:26:00 kernel: [    2.085364] usb 3-2.1: new full speed USB device using uhci_hcd and address 3
Jan 11 01:26:00 kernel: [    2.218446] usb 3-2.1: configuration #1 chosen from 1 choice
Jan 11 01:26:00 kernel: [    2.298335] usb 3-2.2: new full speed USB device using uhci_hcd and address 4
Jan 11 01:26:00 kernel: [    2.316192] ieee1394: Host added: ID:BUS[0-00:1023]  GUID[394fc000390615e1]
Jan 11 01:26:00 kernel: [    2.431451] usb 3-2.2: configuration #1 chosen from 1 choice
Jan 11 01:26:00 kernel: [    2.447489] usbcore: registered new interface driver hiddev
Jan 11 01:26:00 kernel: [    2.450578] input: Broadcom Corp as /devices/pci0000:00/0000:00:1a.0/usb3/3-2/3-2.2/3-2.2:1.0/input/input5
Jan 11 01:26:00 kernel: [    2.450663] generic-usb 0003:0A5C:4502.0001: input,hidraw0: USB HID v1.11 Keyboard [Broadcom Corp] on usb-0000:00:1a.0-2.2/input0
Jan 11 01:26:00 kernel: [    2.450686] usbcore: registered new interface driver usbhid
Jan 11 01:26:00 kernel: [    2.450689] usbhid: v2.6:USB HID core driver
Jan 11 01:26:00 kernel: [    2.513343] usb 3-2.3: new full speed USB device using uhci_hcd and address 5
Jan 11 01:26:00 kernel: [    2.647508] usb 3-2.3: configuration #1 chosen from 1 choice
Jan 11 01:26:00 kernel: [    2.655735] input: Broadcom Corp as /devices/pci0000:00/0000:00:1a.0/usb3/3-2/3-2.3/3-2.3:1.0/input/input6
Jan 11 01:26:00 kernel: [    2.655820] generic-usb 0003:0A5C:4503.0002: input,hidraw1: USB HID v1.11 Mouse [Broadcom Corp] on usb-0000:00:1a.0-2.3/input0
Jan 11 01:26:00 init: starting pid 461, tty '': '/sbin/reopen-console /sbin/debian-installer'
Jan 11 01:26:00 init: starting pid 464, tty '/dev/tty4': '/usr/bin/tail -f /var/log/syslog'
Jan 11 01:26:01 debconf: Setting debconf/language to en
Jan 11 01:26:01 main-menu[483]: DEBUG: resolver (libc6-udeb): package doesn't exist (ignored)
Jan 11 01:26:01 main-menu[483]: DEBUG: resolver (libnewt0.52): package doesn't exist (ignored)
Jan 11 01:26:01 main-menu[483]: INFO: Falling back to the package description for console-setup-udeb
Jan 11 01:26:01 main-menu[483]: INFO: Menu item 'localechooser' selected
Jan 11 01:26:01 debconf: Setting debconf/language to en
Jan 11 01:26:04 localechooser: info: Language = 'en'
Jan 11 01:26:04 localechooser: info: line=en;0;US;UTF-8;en_US.UTF-8;;console-setup
Jan 11 01:26:04 localechooser: info: Set debian-installer/language = 'en'
Jan 11 01:26:04 localechooser: info: Set debian-installer/locale = 'en_US.UTF-8'
Jan 11 01:26:04 localechooser: info: Set debian-installer/fallbacklocale = 'en_US.UTF-8'
Jan 11 01:26:04 localechooser: info: Default country = 'US'
Jan 11 01:26:04 localechooser: info: Set debian-installer/consoledisplay = 'console-setup'
Jan 11 01:26:04 debconf: Setting debconf/language to en
Jan 11 01:26:09 localechooser: info: Set debian-installer/country = 'US'
Jan 11 01:26:09 localechooser: info: Set debian-installer/locale = 'en_US.UTF-8'
Jan 11 01:26:09 localechooser: info: Selected locale (debian-installer/locale) = 'en_US.UTF-8'
Jan 11 01:26:09 main-menu[483]: DEBUG: resolver (libc6-udeb): package doesn't exist (ignored)
Jan 11 01:26:09 main-menu[483]: DEBUG: resolver (libnewt0.52): package doesn't exist (ignored)
Jan 11 01:26:09 main-menu[483]: INFO: Falling back to the package description for console-setup-udeb
Jan 11 01:26:09 main-menu[483]: INFO: Falling back to the package description for console-setup-udeb
Jan 11 01:26:09 main-menu[483]: INFO: Falling back to the package description for console-setup-udeb
Jan 11 01:26:09 main-menu[483]: INFO: Menu item 'console-setup-udeb' selected
Jan 11 01:26:09 main-menu[483]: INFO: Falling back to the package description for console-setup-pc-ekmap
Jan 11 01:26:09 main-menu[483]: INFO: Falling back to the package description for console-setup-pc-ekmap
Jan 11 01:26:09 main-menu[483]: WARNING **: Unable to set title for console-setup-udeb.
Jan 11 01:26:16 main-menu[483]: DEBUG: resolver (libc6-udeb): package doesn't exist (ignored)
Jan 11 01:26:16 main-menu[483]: DEBUG: resolver (libnewt0.52): package doesn't exist (ignored)
Jan 11 01:26:16 main-menu[483]: INFO: Falling back to the package description for console-setup-udeb
Jan 11 01:26:16 main-menu[483]: INFO: Falling back to the package description for console-setup-udeb
Jan 11 01:26:16 main-menu[483]: INFO: Menu item 'cdrom-detect' selected
Jan 11 01:26:17 net/hw-detect.hotplug: Detected hotpluggable network interface lo
Jan 11 01:26:17 hw-detect: Loading PCMCIA bridge driver module: i82365
Jan 11 01:26:17 kernel: [   19.654390] Intel ISA PCIC probe: not found.
Jan 11 01:26:17 hw-detect: FATAL: Error inserting i82365 (/lib/modules/2.6.32-24-generic/kernel/drivers/pcmcia/i82365.ko): No such device
Jan 11 01:26:17 apt-install: Queueing package udev for later installation
Jan 11 01:26:17 apt-install: Queueing package usbutils for later installation
Jan 11 01:26:17 apt-install: Queueing package eject for later installation
Jan 11 01:26:17 apt-install: Queueing package libc6-i686 for later installation
Jan 11 01:26:18 check-missing-firmware: no missing firmware in /tmp/missing-firmware
Jan 11 01:26:18 cdrom-detect: Searching for Ubuntu installation media...
Jan 11 01:26:19 kernel: [   21.163597] ISO 9660 Extensions: Microsoft Joliet Level 3
Jan 11 01:26:19 kernel: [   21.267923] ISO 9660 Extensions: RRIP_1991A
Jan 11 01:26:19 cdrom-detect: CD-ROM mount succeeded: device=/dev/sr0 fstype=iso9660
Jan 11 01:26:19 cdrom-detect: Detected CD 'Ubuntu-Server 10.04.1 LTS "Lucid Lynx" - Release i386 (20100816.2)'
Jan 11 01:26:19 cdrom-detect: Detected CD 'Ubuntu-Server 10.04.1 LTS "Lucid Lynx" - Release i386 (20100816.2)'
Jan 11 01:26:40 cdrom-detect: Detected CD with 'lucid' (lucid) distribution
Jan 11 01:26:40 anna-install: Queueing udeb eject-udeb for later installation
Jan 11 01:26:40 anna-install: Queueing udeb apt-mirror-setup for later installation
Jan 11 01:26:40 anna-install: Queueing udeb apt-cdrom-setup for later installation
Jan 11 01:26:41 anna-install: Queueing udeb lucid-support for later installation
Jan 11 01:26:41 main-menu[483]: DEBUG: resolver (libc6-udeb): package doesn't exist (ignored)
Jan 11 01:26:41 main-menu[483]: DEBUG: resolver (libnewt0.52): package doesn't exist (ignored)
Jan 11 01:26:41 main-menu[483]: INFO: Falling back to the package description for console-setup-udeb
Jan 11 01:26:41 main-menu[483]: INFO: Falling back to the package description for console-setup-udeb
Jan 11 01:26:41 main-menu[483]: INFO: Menu item 'file-preseed' selected
Jan 11 01:26:41 preseed: successfully loaded preseed file from file:///cdrom/preseed/ubuntu-server.seed
Jan 11 01:26:41 main-menu[483]: DEBUG: resolver (libc6-udeb): package doesn't exist (ignored)
Jan 11 01:26:41 main-menu[483]: DEBUG: resolver (libnewt0.52): package doesn't exist (ignored)
Jan 11 01:26:41 main-menu[483]: INFO: Falling back to the package description for console-setup-udeb
Jan 11 01:26:41 main-menu[483]: INFO: Falling back to the package description for console-setup-udeb
Jan 11 01:26:41 main-menu[483]: INFO: Menu item 'load-cdrom' selected
Jan 11 01:26:41 cdrom-retriever: warning: File /cdrom/dists/lucid/main/debian-installer/binary-i386/Packages does not exist.
Jan 11 01:26:41 cdrom-retriever: warning: File /cdrom/dists/lucid/restricted/debian-installer/binary-i386/Packages does not exist.
Jan 11 01:26:41 anna[3363]: DEBUG: resolver (ext2-modules): package doesn't exist (ignored)
Jan 11 01:26:41 anna[3363]: DEBUG: resolver (efi-modules): package doesn't exist (ignored)
Jan 11 01:26:41 anna[3363]: DEBUG: resolver (ext3-modules): package doesn't exist (ignored)
Jan 11 01:26:41 anna[3363]: DEBUG: resolver (ext4-modules): package doesn't exist (ignored)
Jan 11 01:26:41 anna[3363]: DEBUG: resolver (crypto-dm-modules): package doesn't exist (ignored)
Jan 11 01:26:41 anna[3363]: DEBUG: resolver (libuuid1): package doesn't exist (ignored)
Jan 11 01:26:41 anna[3363]: DEBUG: resolver (ext2-modules): package doesn't exist (ignored)
Jan 11 01:26:41 anna[3363]: DEBUG: resolver (efi-modules): package doesn't exist (ignored)
Jan 11 01:26:41 anna[3363]: DEBUG: resolver (libuuid1): package doesn't exist (ignored)
Jan 11 01:26:41 anna[3363]: DEBUG: resolver (ext3-modules): package doesn't exist (ignored)
Jan 11 01:26:41 anna[3363]: DEBUG: resolver (ext4-modules): package doesn't exist (ignored)
Jan 11 01:26:41 anna[3363]: DEBUG: resolver (crypto-dm-modules): package doesn't exist (ignored)
Jan 11 01:26:41 anna[3363]: DEBUG: retrieving apt-cdrom-setup 1:0.42ubuntu3
Jan 11 01:26:42 anna[3363]: DEBUG: retrieving apt-mirror-setup 1:0.42ubuntu3
Jan 11 01:26:42 anna[3363]: DEBUG: retrieving apt-setup-udeb 1:0.42ubuntu3
Jan 11 01:26:42 anna[3363]: DEBUG: retrieving base-installer 1.103ubuntu7
Jan 11 01:26:42 anna[3363]: DEBUG: retrieving bootstrap-base 1.103ubuntu7
Jan 11 01:26:42 anna[3363]: DEBUG: retrieving binutils-static-udeb 2.20.1-3ubuntu6
Jan 11 01:26:42 anna[3363]: DEBUG: retrieving choose-mirror-bin 2.29ubuntu3
Jan 11 01:26:43 anna[3363]: DEBUG: retrieving clock-setup 0.102ubuntu1
Jan 11 01:26:43 anna[3363]: DEBUG: retrieving cryptsetup-udeb 2:1.1.0~rc2-1ubuntu13
Jan 11 01:26:43 anna[3363]: DEBUG: retrieving di-utils-mapdevfs 1.72ubuntu5
Jan 11 01:26:43 anna[3363]: DEBUG: retrieving debootstrap-udeb 1.0.20ubuntu1
Jan 11 01:26:43 anna[3363]: DEBUG: retrieving dhcp3-client-udeb 3.1.3-2ubuntu3
Jan 11 01:26:43 anna[3363]: DEBUG: retrieving e2fsprogs-udeb 1.41.11-1ubuntu2
Jan 11 01:26:43 anna[3363]: DEBUG: retrieving libc6-udeb 2.11.1-0ubuntu7.2
Jan 11 01:26:43 anna[3363]: DEBUG: retrieving libnss-files-udeb 2.11.1-0ubuntu7.2
Jan 11 01:26:43 anna[3363]: DEBUG: retrieving eject-udeb 2.1.5+deb1+cvs20081104-7
Jan 11 01:26:43 anna[3363]: DEBUG: retrieving elilo-installer 1.15
Jan 11 01:26:43 anna[3363]: DEBUG: retrieving finish-install 2.24ubuntu1
Jan 11 01:26:43 anna[3363]: DEBUG: retrieving fuse-utils-udeb 2.8.1-1.1ubuntu2
Jan 11 01:26:44 anna[3363]: DEBUG: retrieving libfuse2-udeb 2.8.1-1.1ubuntu2
Jan 11 01:26:44 anna[3363]: DEBUG: retrieving gpgv-udeb 1.4.10-2ubuntu1
Jan 11 01:26:44 anna[3363]: DEBUG: retrieving grub-installer 1.49ubuntu11
Jan 11 01:26:44 anna[3363]: DEBUG: retrieving disk-detect 1.73ubuntu4
Jan 11 01:26:44 anna[3363]: DEBUG: retrieving ethdetect 1.73ubuntu4
Jan 11 01:26:44 anna[3363]: DEBUG: retrieving jfsutils-udeb 1.1.12-2.1
Jan 11 01:26:44 anna[3363]: DEBUG: retrieving updates-modules-2.6.32-24-generic-di 2.6.32-24.17
Jan 11 01:26:44 anna[3363]: DEBUG: retrieving ntfsprogs-udeb 2.0.0-1ubuntu4
Jan 11 01:26:44 anna[3363]: DEBUG: retrieving block-modules-2.6.32-24-generic-di 2.6.32-24.39
Jan 11 01:26:44 anna[3363]: DEBUG: retrieving char-modules-2.6.32-24-generic-di 2.6.32-24.39
Jan 11 01:26:44 anna[3363]: DEBUG: retrieving crypto-modules-2.6.32-24-generic-di 2.6.32-24.39
Jan 11 01:26:44 anna[3363]: DEBUG: retrieving fat-modules-2.6.32-24-generic-di 2.6.32-24.39
Jan 11 01:26:44 anna[3363]: DEBUG: retrieving fb-modules-2.6.32-24-generic-di 2.6.32-24.39
Jan 11 01:26:44 anna[3363]: DEBUG: retrieving firewire-core-modules-2.6.32-24-generic-di 2.6.32-24.39
Jan 11 01:26:44 anna[3363]: DEBUG: retrieving floppy-modules-2.6.32-24-generic-di 2.6.32-24.39
Jan 11 01:26:44 anna[3363]: DEBUG: retrieving fs-core-modules-2.6.32-24-generic-di 2.6.32-24.39
Jan 11 01:26:45 anna[3363]: DEBUG: retrieving fs-secondary-modules-2.6.32-24-generic-di 2.6.32-24.39
Jan 11 01:26:45 anna[3363]: DEBUG: retrieving input-modules-2.6.32-24-generic-di 2.6.32-24.39
Jan 11 01:26:45 anna[3363]: DEBUG: retrieving irda-modules-2.6.32-24-generic-di 2.6.32-24.39
Jan 11 01:26:45 anna[3363]: DEBUG: retrieving md-modules-2.6.32-24-generic-di 2.6.32-24.39
Jan 11 01:26:45 anna[3363]: DEBUG: retrieving message-modules-2.6.32-24-generic-di 2.6.32-24.39
Jan 11 01:26:46 anna[3363]: DEBUG: retrieving nfs-modules-2.6.32-24-generic-di 2.6.32-24.39
Jan 11 01:26:46 anna[3363]: DEBUG: retrieving nic-modules-2.6.32-24-generic-di 2.6.32-24.39
Jan 11 01:26:48 anna[3363]: DEBUG: retrieving nic-pcmcia-modules-2.6.32-24-generic-di 2.6.32-24.39
Jan 11 01:26:48 anna[3363]: DEBUG: retrieving nic-shared-modules-2.6.32-24-generic-di 2.6.32-24.39
Jan 11 01:26:48 anna[3363]: DEBUG: retrieving nic-usb-modules-2.6.32-24-generic-di 2.6.32-24.39
Jan 11 01:26:48 anna[3363]: DEBUG: retrieving parport-modules-2.6.32-24-generic-di 2.6.32-24.39
Jan 11 01:26:48 anna[3363]: DEBUG: retrieving pata-modules-2.6.32-24-generic-di 2.6.32-24.39
Jan 11 01:26:48 anna[3363]: DEBUG: retrieving pcmcia-modules-2.6.32-24-generic-di 2.6.32-24.39
Jan 11 01:26:48 anna[3363]: DEBUG: retrieving pcmcia-storage-modules-2.6.32-24-generic-di 2.6.32-24.39
Jan 11 01:26:48 anna[3363]: DEBUG: retrieving plip-modules-2.6.32-24-generic-di 2.6.32-24.39
Jan 11 01:26:48 anna[3363]: DEBUG: retrieving ppp-modules-2.6.32-24-generic-di 2.6.32-24.39
Jan 11 01:26:48 anna[3363]: DEBUG: retrieving sata-modules-2.6.32-24-generic-di 2.6.32-24.39
Jan 11 01:26:49 anna[3363]: DEBUG: retrieving scsi-modules-2.6.32-24-generic-di 2.6.32-24.39
Jan 11 01:26:49 anna[3363]: DEBUG: retrieving serial-modules-2.6.32-24-generic-di 2.6.32-24.39
Jan 11 01:26:50 anna[3363]: DEBUG: retrieving storage-core-modules-2.6.32-24-generic-di 2.6.32-24.39
Jan 11 01:26:50 anna[3363]: DEBUG: retrieving usb-modules-2.6.32-24-generic-di 2.6.32-24.39
Jan 11 01:26:50 anna[3363]: DEBUG: retrieving virtio-modules-2.6.32-24-generic-di 2.6.32-24.39
Jan 11 01:26:50 anna[3363]: DEBUG: retrieving dmsetup-udeb 2:1.02.39-1ubuntu4
Jan 11 01:26:50 anna[3363]: DEBUG: retrieving libdevmapper1.02.1-udeb 2:1.02.39-1ubuntu4
Jan 11 01:26:50 anna[3363]: DEBUG: retrieving lvm2-udeb 2.02.54-1ubuntu4
Jan 11 01:26:50 anna[3363]: DEBUG: retrieving libbsd0-udeb 0.2.0-1
Jan 11 01:26:50 anna[3363]: DEBUG: retrieving libgcrypt11-udeb 1.4.4-5ubuntu2
Jan 11 01:26:50 anna[3363]: DEBUG: retrieving libgpg-error0-udeb 1.6-1ubuntu2
Jan 11 01:26:50 anna[3363]: DEBUG: retrieving libusb-0.1-udeb 2:0.1.12-14ubuntu0.2
Jan 11 01:26:50 anna[3363]: DEBUG: retrieving mdadm-udeb 2.6.7.1-1ubuntu15
Jan 11 01:26:50 anna[3363]: DEBUG: retrieving netcfg 1.51ubuntu2
Jan 11 01:26:51 anna[3363]: DEBUG: retrieving nobootloader 1.25
Jan 11 01:26:51 anna[3363]: DEBUG: retrieving libntfs-3g75-udeb 1:2010.3.6-1ubuntu1
Jan 11 01:26:51 anna[3363]: DEBUG: retrieving ntfs-3g-udeb 1:2010.3.6-1ubuntu1
Jan 11 01:26:51 anna[3363]: DEBUG: retrieving open-iscsi-udeb 2.0.871-0ubuntu4
Jan 11 01:26:51 anna[3363]: DEBUG: retrieving os-prober-udeb 1.38
Jan 11 01:26:51 anna[3363]: DEBUG: retrieving partconf-find-partitions 1.32ubuntu2
Jan 11 01:26:51 anna[3363]: DEBUG: retrieving partconf-mkfstab 1.32ubuntu2
Jan 11 01:26:51 anna[3363]: DEBUG: retrieving libparted0-udeb 2.2-5ubuntu5.1
Jan 11 01:26:51 anna[3363]: DEBUG: retrieving partman-auto-crypto 12ubuntu1
Jan 11 01:26:51 anna[3363]: DEBUG: retrieving partman-auto-loop 0ubuntu18
Jan 11 01:26:51 anna[3363]: DEBUG: retrieving partman-auto-lvm 33ubuntu4
Jan 11 01:26:51 anna[3363]: DEBUG: retrieving partman-auto-raid 15ubuntu1
Jan 11 01:26:51 anna[3363]: DEBUG: retrieving partman-auto 89ubuntu8
Jan 11 01:26:51 anna[3363]: DEBUG: retrieving partman-base 139ubuntu6
Jan 11 01:26:51 anna[3363]: DEBUG: retrieving partman-utils 139ubuntu6
Jan 11 01:26:51 anna[3363]: DEBUG: retrieving partman-basicfilesystems 63ubuntu4
Jan 11 01:26:51 anna[3363]: DEBUG: retrieving partman-basicmethods 43ubuntu2
Jan 11 01:26:51 anna[3363]: DEBUG: retrieving partman-crypto-dm 40ubuntu5
Jan 11 01:26:51 anna[3363]: DEBUG: retrieving partman-crypto 40ubuntu5
Jan 11 01:26:51 anna[3363]: DEBUG: retrieving partman-efi 20ubuntu1
Jan 11 01:26:51 anna[3363]: DEBUG: retrieving partman-ext3 58ubuntu3
Jan 11 01:26:51 anna[3363]: DEBUG: retrieving partman-iscsi 14
Jan 11 01:26:52 anna[3363]: DEBUG: retrieving partman-jfs 30
Jan 11 01:26:52 anna[3363]: DEBUG: retrieving partman-lvm 69ubuntu1
Jan 11 01:26:52 anna[3363]: DEBUG: retrieving partman-md 49ubuntu1
Jan 11 01:26:52 anna[3363]: DEBUG: retrieving partman-partitioning 72ubuntu4
Jan 11 01:26:52 anna[3363]: DEBUG: retrieving partman-reiserfs 45
Jan 11 01:26:52 anna[3363]: DEBUG: retrieving partman-target 64ubuntu9
Jan 11 01:26:52 anna[3363]: DEBUG: retrieving partman-xfs 44
Jan 11 01:26:52 anna[3363]: DEBUG: retrieving pkgsel 0.25ubuntu7
Jan 11 01:26:52 anna[3363]: DEBUG: retrieving libpopt0-udeb 1.15-1
Jan 11 01:26:52 anna[3363]: DEBUG: retrieving network-preseed 1.43
Jan 11 01:26:52 anna[3363]: DEBUG: retrieving rdate-udeb 1:1.2-4build1
Jan 11 01:26:52 anna[3363]: DEBUG: retrieving mkreiserfs-udeb 1:3.6.21-1build1
Jan 11 01:26:52 anna[3363]: DEBUG: retrieving tzsetup-udeb 1:0.26ubuntu9
Jan 11 01:26:52 anna[3363]: DEBUG: retrieving ubuntu-keyring-udeb 2010.11.09
Jan 11 01:26:52 anna[3363]: DEBUG: retrieving usbutils-udeb 0.86-2ubuntu1
Jan 11 01:26:52 anna[3363]: DEBUG: retrieving user-setup-udeb 1.28ubuntu7
Jan 11 01:26:52 anna[3363]: DEBUG: retrieving fdisk-udeb 2.17.2-0ubuntu1
Jan 11 01:26:52 anna[3363]: DEBUG: retrieving libiw30-udeb 30~pre9-3ubuntu4
Jan 11 01:26:52 anna[3363]: DEBUG: retrieving wireless-tools-udeb 30~pre9-3ubuntu4
Jan 11 01:26:52 anna[3363]: DEBUG: retrieving xfsprogs-udeb 3.1.0ubuntu1
Jan 11 01:26:53 main-menu[483]: DEBUG: resolver (libnewt0.52): package doesn't exist (ignored)
Jan 11 01:26:53 main-menu[483]: DEBUG: resolver (ext2-modules): package doesn't exist (ignored)
Jan 11 01:26:53 main-menu[483]: DEBUG: resolver (efi-modules): package doesn't exist (ignored)
Jan 11 01:26:53 main-menu[483]: INFO: Falling back to the package description for console-setup-udeb
Jan 11 01:26:53 main-menu[483]: INFO: Falling back to the package description for console-setup-udeb
Jan 11 01:26:53 main-menu[483]: INFO: Menu item 'ethdetect' selected
Jan 11 01:26:53 kernel: [   55.952447] Linux agpgart interface v0.103
Jan 11 01:26:53 kernel: [   55.958168] b43-pci-bridge 0000:0b:00.0: PCI INT A -> GSI 16 (level, low) -> IRQ 16
Jan 11 01:26:53 kernel: [   55.958184] b43-pci-bridge 0000:0b:00.0: setting latency timer to 64
Jan 11 01:26:53 kernel: [   55.976345] tg3.c:v3.102 (September 1, 2009)
Jan 11 01:26:53 kernel: [   55.976381] tg3 0000:09:00.0: PCI INT A -> GSI 17 (level, low) -> IRQ 17
Jan 11 01:26:53 kernel: [   55.976398] tg3 0000:09:00.0: setting latency timer to 64
Jan 11 01:26:54 net/hw-detect.hotplug: Detected hotpluggable network interface lo
Jan 11 01:26:54 kernel: [   56.045099] ssb: Sonics Silicon Backplane found on PCI device 0000:0b:00.0
Jan 11 01:26:54 kernel: [   56.337912] eth0: Tigon3 [partno(BCM95906) rev c002] (PCI Express) MAC address 00:21:9b:d7:ca:d8
Jan 11 01:26:54 kernel: [   56.337916] eth0: attached PHY is 5906 (10/100Base-TX Ethernet) (WireSpeed[0])
Jan 11 01:26:54 kernel: [   56.337919] eth0: RXcsums[1] LinkChgREG[0] MIirq[0] ASF[0] TSOcap[0]
Jan 11 01:26:54 kernel: [   56.337921] eth0: dma_rwctrl[76180000] dma_mask[64-bit]
Jan 11 01:26:54 net/hw-detect.hotplug: Detected hotpluggable network interface eth0
Jan 11 01:26:55 check-missing-firmware: no missing firmware in /tmp/missing-firmware
Jan 11 01:26:55 kernel: [   57.935763]   alloc irq_desc for 30 on node -1
Jan 11 01:26:55 kernel: [   57.935766]   alloc kstat_irqs on node -1
Jan 11 01:26:55 kernel: [   57.935798] tg3 0000:09:00.0: irq 30 for MSI/MSI-X
Jan 11 01:26:55 kernel: [   57.967911] ADDRCONF(NETDEV_UP): eth0: link is not ready
Jan 11 01:26:57 check-missing-firmware: no missing firmware in /tmp/missing-firmware
Jan 11 01:26:57 main-menu[483]: DEBUG: resolver (libnewt0.52): package doesn't exist (ignored)
Jan 11 01:26:57 main-menu[483]: DEBUG: resolver (ext2-modules): package doesn't exist (ignored)
Jan 11 01:26:57 main-menu[483]: DEBUG: resolver (efi-modules): package doesn't exist (ignored)
Jan 11 01:26:57 main-menu[483]: INFO: Falling back to the package description for console-setup-udeb
Jan 11 01:26:57 main-menu[483]: INFO: Falling back to the package description for console-setup-udeb
Jan 11 01:26:57 main-menu[483]: INFO: Menu item 'netcfg' selected
Jan 11 01:26:57 dhclient: Internet Systems Consortium DHCP Client V3.1.3
Jan 11 01:26:57 dhclient: Copyright 2004-2009 Internet Systems Consortium.
Jan 11 01:26:57 dhclient: All rights reserved.
Jan 11 01:26:57 dhclient: For info, please visit https://www.isc.org/software/dhcp/
Jan 11 01:26:57 dhclient: 
Jan 11 01:26:57 kernel: [   59.105359] tg3 0000:09:00.0: irq 30 for MSI/MSI-X
Jan 11 01:26:57 kernel: [   59.138612] ADDRCONF(NETDEV_UP): eth0: link is not ready
Jan 11 01:26:57 dhclient: Listening on LPF/eth0/00:21:9b:d7:ca:d8
Jan 11 01:26:57 dhclient: Sending on   LPF/eth0/00:21:9b:d7:ca:d8
Jan 11 01:26:57 dhclient: Sending on   Socket/fallback
Jan 11 01:26:58 dhclient: DHCPDISCOVER on eth0 to 255.255.255.255 port 67 interval 4
Jan 11 01:27:02 dhclient: DHCPDISCOVER on eth0 to 255.255.255.255 port 67 interval 10
Jan 11 01:27:12 dhclient: DHCPDISCOVER on eth0 to 255.255.255.255 port 67 interval 21
Jan 11 01:27:33 dhclient: DHCPDISCOVER on eth0 to 255.255.255.255 port 67 interval 21
Jan 11 01:28:23 kernel: [  145.467826] lo: Disabled Privacy Extensions
Jan 11 01:28:23 kernel: [  145.484431] tg3 0000:09:00.0: irq 30 for MSI/MSI-X
Jan 11 01:28:23 netcfg[6849]: INFO: executing: ip addr add 192.168.1.193/24 broadcast 192.168.1.255 dev eth0
Jan 11 01:28:23 kernel: [  145.516453] ADDRCONF(NETDEV_UP): eth0: link is not ready
Jan 11 01:29:49 main-menu[483]: (process:6848): Internet Systems Consortium DHCP Client V3.1.3
Jan 11 01:29:49 main-menu[483]: (process:6848): 
Jan 11 01:29:49 main-menu[483]: (process:6848): Copyright 2004-2009 Internet Systems Consortium.
Jan 11 01:29:49 main-menu[483]: (process:6848): 
Jan 11 01:29:49 main-menu[483]: (process:6848): All rights reserved.
Jan 11 01:29:49 main-menu[483]: (process:6848): 
Jan 11 01:29:49 main-menu[483]: (process:6848): For info, please visit https://www.isc.org/software/dhcp/
Jan 11 01:29:49 main-menu[483]: (process:6848): 
Jan 11 01:29:49 main-menu[483]: (process:6848): Listening on LPF/eth0/00:21:9b:d7:ca:d8
Jan 11 01:29:49 main-menu[483]: (process:6848): Sending on   LPF/eth0/00:21:9b:d7:ca:d8
Jan 11 01:29:49 main-menu[483]: (process:6848): Sending on   Socket/fallback
Jan 11 01:29:49 main-menu[483]: (process:6848): DHCPDISCOVER on eth0 to 255.255.255.255 port 67 interval 4
Jan 11 01:29:49 main-menu[483]: (process:6848): DHCPDISCOVER on eth0 to 255.255.255.255 port 67 interval 10
Jan 11 01:29:49 main-menu[483]: (process:6848): DHCPDISCOVER on eth0 to 255.255.255.255 port 67 interval 21
Jan 11 01:29:49 main-menu[483]: (process:6848): DHCPDISCOVER on eth0 to 255.255.255.255 port 67 interval 21
Jan 11 01:29:49 main-menu[483]: DEBUG: resolver (libnewt0.52): package doesn't exist (ignored)
Jan 11 01:29:49 main-menu[483]: DEBUG: resolver (ext2-modules): package doesn't exist (ignored)
Jan 11 01:29:49 main-menu[483]: DEBUG: resolver (efi-modules): package doesn't exist (ignored)
Jan 11 01:29:49 main-menu[483]: INFO: Falling back to the package description for console-setup-udeb
Jan 11 01:29:50 main-menu[483]: INFO: Falling back to the package description for console-setup-udeb
Jan 11 01:29:50 main-menu[483]: INFO: Menu item 'clock-setup' selected
Jan 11 01:30:30 clock-setup: rdate: ntp.ubuntu.com: Name or service not known
Jan 11 01:30:53 main-menu[483]: DEBUG: resolver (libnewt0.52): package doesn't exist (ignored)
Jan 11 01:30:53 main-menu[483]: DEBUG: resolver (ext2-modules): package doesn't exist (ignored)
Jan 11 01:30:53 main-menu[483]: DEBUG: resolver (efi-modules): package doesn't exist (ignored)
Jan 11 01:30:53 main-menu[483]: INFO: Falling back to the package description for console-setup-udeb
Jan 11 01:30:53 main-menu[483]: INFO: Falling back to the package description for console-setup-udeb
Jan 11 01:30:53 main-menu[483]: INFO: Menu item 'disk-detect' selected
Jan 11 01:30:53 net/hw-detect.hotplug: Detected hotpluggable network interface eth0
Jan 11 01:30:53 net/hw-detect.hotplug: Detected hotpluggable network interface lo
Jan 11 01:30:55 check-missing-firmware: no missing firmware in /tmp/missing-firmware
Jan 11 01:30:55 anna-install: Installing dmraid-udeb
Jan 11 01:30:55 anna[7841]: DEBUG: retrieving dmraid-udeb 1.0.0.rc16-3ubuntu2
Jan 11 01:30:58 anna[7841]: DEBUG: retrieving libdmraid1.0.0.rc16-udeb 1.0.0.rc16-3ubuntu2
Jan 11 01:30:58 disk-detect: No Serial ATA RAID disks detected
Jan 11 01:30:59 check-missing-firmware: no missing firmware in /tmp/missing-firmware
Jan 11 01:30:59 main-menu[483]: DEBUG: resolver (libnewt0.52): package doesn't exist (ignored)
Jan 11 01:30:59 main-menu[483]: DEBUG: resolver (ext2-modules): package doesn't exist (ignored)
Jan 11 01:30:59 main-menu[483]: DEBUG: resolver (efi-modules): package doesn't exist (ignored)
Jan 11 01:30:59 main-menu[483]: INFO: Falling back to the package description for console-setup-udeb
Jan 11 01:30:59 main-menu[483]: INFO: Falling back to the package description for console-setup-udeb
Jan 11 01:30:59 main-menu[483]: INFO: Menu item 'partman-base' selected
Jan 11 01:30:59 kernel: [  301.714840] NTFS driver 2.1.29 [Flags: R/O MODULE].
Jan 11 01:30:59 kernel: [  301.735131] JFS: nTxBlock = 8192, nTxLock = 65536
Jan 11 01:30:59 kernel: [  301.766422] SGI XFS with ACLs, security attributes, realtime, large block/inode numbers, no debug enabled
Jan 11 01:30:59 kernel: [  301.767441] SGI XFS Quota Management subsystem
Jan 11 01:30:59 md-devices: mdadm: No arrays found in config file
Jan 11 01:30:59 partman:   No matching physical volumes found
Jan 11 01:30:59 partman:   Reading all physical volumes.  This may take a while...
Jan 11 01:32:17 kernel: [  379.878726] Adding 387064k swap on /dev/sda5.  Priority:-1 extents:1 across:387064k SS
Jan 11 01:32:17 partman: mke2fs 1.41.11 (14-Mar-2010)
Jan 11 01:32:27 kernel: [  389.086231] EXT4-fs (sda1): mounted filesystem with ordered data mode
Jan 11 01:32:27 apt-install: Queueing package e2fsprogs for later installation
Jan 11 01:32:27 main-menu[483]: DEBUG: resolver (libnewt0.52): package doesn't exist (ignored)
Jan 11 01:32:27 main-menu[483]: DEBUG: resolver (ext2-modules): package doesn't exist (ignored)
Jan 11 01:32:27 main-menu[483]: DEBUG: resolver (efi-modules): package doesn't exist (ignored)
Jan 11 01:32:27 main-menu[483]: INFO: Falling back to the package description for console-setup-udeb
Jan 11 01:32:27 main-menu[483]: INFO: Falling back to the package description for console-setup-udeb
Jan 11 01:32:27 main-menu[483]: INFO: Menu item 'bootstrap-base' selected
Jan 11 01:32:30 apt-install: Queueing package console-setup for later installation
Jan 11 01:33:12 debootstrap: Selecting previously deselected package base-files.
Jan 11 01:33:12 debootstrap: (Reading database ... 0 files and directories currently installed.)
Jan 11 01:33:12 debootstrap: Unpacking base-files (from .../base-files_5.0.0ubuntu20.10.04.2_i386.deb) ...
Jan 11 01:33:12 debootstrap: dpkg: regarding .../base-files_5.0.0ubuntu20.10.04.2_i386.deb containing base-files, pre-dependency problem:
Jan 11 01:33:12 debootstrap:  base-files pre-depends on awk
Jan 11 01:33:12 debootstrap:   awk is not installed.
Jan 11 01:33:12 debootstrap: dpkg: warning: ignoring pre-dependency problem!
Jan 11 01:33:19 debootstrap: Selecting previously deselected package base-passwd.
Jan 11 01:33:19 debootstrap: Unpacking base-passwd (from .../base-passwd_3.5.22_i386.deb) ...
Jan 11 01:33:20 debootstrap: Setting up base-passwd (3.5.22) ...
Jan 11 01:33:20 debootstrap: dpkg: base-passwd: dependency problems, but configuring anyway as you requested:
Jan 11 01:33:20 debootstrap:  base-passwd depends on libc6 (>= 2.8); however:
Jan 11 01:33:20 debootstrap:   Package libc6 is not installed.
Jan 11 01:33:20 debootstrap: 
Jan 11 01:33:20 debootstrap: Setting up base-files (5.0.0ubuntu20.10.04.2) ...
Jan 11 01:33:20 debootstrap: dpkg: base-files: dependency problems, but configuring anyway as you requested:
Jan 11 01:33:20 debootstrap:  base-files depends on awk; however:
Jan 11 01:33:20 debootstrap:   Package awk is not installed.
Jan 11 01:33:20 debootstrap:  base-files depends on libpam-modules (>= 0.79-3ubuntu3); however:
Jan 11 01:33:20 debootstrap:   Package libpam-modules is not installed.
Jan 11 01:33:20 debootstrap: 
Jan 11 01:33:20 debootstrap: (Reading database ... 108 files and directories currently installed.)
Jan 11 01:33:20 debootstrap: Preparing to replace dpkg 1.15.5.6ubuntu4.1 (using .../dpkg_1.15.5.6ubuntu4.1_i386.deb) ...
Jan 11 01:33:20 debootstrap: dpkg: regarding .../dpkg_1.15.5.6ubuntu4.1_i386.deb containing dpkg, pre-dependency problem:
Jan 11 01:33:20 debootstrap:  dpkg pre-depends on libc6 (>= 2.11)
Jan 11 01:33:20 debootstrap: dpkg: warning: ignoring pre-dependency problem!
Jan 11 01:33:20 debootstrap: dpkg: regarding .../dpkg_1.15.5.6ubuntu4.1_i386.deb containing dpkg, pre-dependency problem:
Jan 11 01:33:20 debootstrap:  dpkg pre-depends on coreutils (>= 5.93-1)
Jan 11 01:33:20 debootstrap: dpkg: warning: ignoring pre-dependency problem!
Jan 11 01:33:20 debootstrap: dpkg: regarding .../dpkg_1.15.5.6ubuntu4.1_i386.deb containing dpkg, pre-dependency problem:
Jan 11 01:33:20 debootstrap:  dpkg pre-depends on lzma
Jan 11 01:33:20 debootstrap:   lzma is not installed.
Jan 11 01:33:20 debootstrap: dpkg: warning: ignoring pre-dependency problem!
Jan 11 01:33:20 debootstrap: Unpacking replacement dpkg ...
Jan 11 01:33:21 debootstrap: Setting up dpkg (1.15.5.6ubuntu4.1) ...
Jan 11 01:33:21 debootstrap: dpkg: dpkg: dependency problems, but configuring anyway as you requested:
Jan 11 01:33:21 debootstrap:  dpkg depends on libc6 (>= 2.11); however:
Jan 11 01:33:21 debootstrap:   Package libc6 is not installed.
Jan 11 01:33:21 debootstrap:  dpkg depends on coreutils (>= 5.93-1); however:
Jan 11 01:33:21 debootstrap:   Package coreutils is not installed.
Jan 11 01:33:21 debootstrap:  dpkg depends on lzma; however:
Jan 11 01:33:21 debootstrap:   Package lzma is not installed.
Jan 11 01:33:21 debootstrap: 
Jan 11 01:33:21 debootstrap: Selecting previously deselected package libc6.
Jan 11 01:33:21 debootstrap: (Reading database ... 344 files and directories currently installed.)
Jan 11 01:33:21 debootstrap: Unpacking libc6 (from .../libc6_2.11.1-0ubuntu7.2_i386.deb) ...
Jan 11 01:33:22 debootstrap: Setting up libc6 (2.11.1-0ubuntu7.2) ...
Jan 11 01:33:22 debootstrap: dpkg: libc6: dependency problems, but configuring anyway as you requested:
Jan 11 01:33:22 debootstrap:  libc6 depends on libc-bin (= 2.11.1-0ubuntu7.2); however:
Jan 11 01:33:22 debootstrap:   Package libc-bin is not installed.
Jan 11 01:33:22 debootstrap:  libc6 depends on debconf (>= 0.5) | debconf-2.0; however:
Jan 11 01:33:22 debootstrap:   Package debconf is not installed.
Jan 11 01:33:22 debootstrap:   Package debconf-2.0 is not installed.
Jan 11 01:33:22 debootstrap:  libc6 depends on libgcc1; however:
Jan 11 01:33:22 debootstrap:   Package libgcc1 is not installed.
Jan 11 01:33:22 debootstrap:  libc6 depends on tzdata; however:
Jan 11 01:33:22 debootstrap:   Package tzdata is not installed.
Jan 11 01:33:22 debootstrap:  libc6 depends on findutils (>= 4.4.0-2ubuntu2); however:
Jan 11 01:33:22 debootstrap:   Package findutils is not installed.
Jan 11 01:33:22 debootstrap: 
Jan 11 01:33:22 debootstrap: Selecting previously deselected package perl-base.
Jan 11 01:33:22 debootstrap: (Reading database ... 651 files and directories currently installed.)
Jan 11 01:33:22 debootstrap: Unpacking perl-base (from .../perl-base_5.10.1-8ubuntu2_i386.deb) ...
Jan 11 01:33:23 debootstrap: Setting up perl-base (5.10.1-8ubuntu2) ...
Jan 11 01:33:23 debootstrap: Selecting previously deselected package mawk.
Jan 11 01:33:23 debootstrap: (Reading database ... 1291 files and directories currently installed.)
Jan 11 01:33:23 debootstrap: Unpacking mawk (from .../mawk_1.3.3-15ubuntu2_i386.deb) ...
Jan 11 01:33:24 debootstrap: Setting up mawk (1.3.3-15ubuntu2) ...
Jan 11 01:33:24 debootstrap: 
Jan 11 01:33:24 debootstrap: Selecting previously deselected package debconf.
Jan 11 01:33:24 debootstrap: (Reading database ... 1310 files and directories currently installed.)
Jan 11 01:33:24 debootstrap: Unpacking debconf (from .../debconf_1.5.28ubuntu4_all.deb) ...
Jan 11 01:33:24 debootstrap: Setting up debconf (1.5.28ubuntu4) ...
Jan 11 01:33:24 debootstrap: dpkg: debconf: dependency problems, but configuring anyway as you requested:
Jan 11 01:33:24 debootstrap:  debconf depends on debconf-i18n | debconf-english; however:
Jan 11 01:33:24 debootstrap:   Package debconf-i18n is not installed.
Jan 11 01:33:24 debootstrap:   Package debconf-english is not installed.
Jan 11 01:33:25 debootstrap: 
Jan 11 01:33:25 debootstrap: Selecting previously deselected package libacl1.
Jan 11 01:33:25 debootstrap: (Reading database ... 1471 files and directories currently installed.)
Jan 11 01:33:25 debootstrap: Unpacking libacl1 (from .../libacl1_2.2.49-2_i386.deb) ...
Jan 11 01:33:25 debootstrap: Selecting previously deselected package adduser.
Jan 11 01:33:25 debootstrap: Unpacking adduser (from .../adduser_3.112ubuntu1_all.deb) ...
Jan 11 01:33:26 debootstrap: Selecting previously deselected package libattr1.
Jan 11 01:33:26 debootstrap: Unpacking libattr1 (from .../libattr1_1%3a2.4.44-1_i386.deb) ...
Jan 11 01:33:26 debootstrap: Preparing to replace base-files 5.0.0ubuntu20.10.04.2 (using .../base-files_5.0.0ubuntu20.10.04.2_i386.deb) ...
Jan 11 01:33:26 debootstrap: Unpacking replacement base-files ...
Jan 11 01:33:26 debootstrap: Preparing to replace base-passwd 3.5.22 (using .../base-passwd_3.5.22_i386.deb) ...
Jan 11 01:33:26 debootstrap: Unpacking replacement base-passwd ...
Jan 11 01:33:26 debootstrap: Selecting previously deselected package bash.
Jan 11 01:33:26 debootstrap: dpkg: regarding .../bash_4.1-2ubuntu3_i386.deb containing bash, pre-dependency problem:
Jan 11 01:33:26 debootstrap:  bash pre-depends on dash
Jan 11 01:33:26 debootstrap:   dash is not installed.
Jan 11 01:33:26 debootstrap: dpkg: warning: ignoring pre-dependency problem!
Jan 11 01:33:26 debootstrap: dpkg: regarding .../bash_4.1-2ubuntu3_i386.deb containing bash, pre-dependency problem:
Jan 11 01:33:26 debootstrap:  bash pre-depends on libncurses5 (>= 5.6+20071006-3)
Jan 11 01:33:26 debootstrap: dpkg: warning: ignoring pre-dependency problem!
Jan 11 01:33:26 debootstrap: Unpacking bash (from .../bash_4.1-2ubuntu3_i386.deb) ...
Jan 11 01:33:27 debootstrap: The bash upgrade discovered that your /bin/sh link points to dash.
Jan 11 01:33:27 debootstrap: As bash for Debian is destined to provide a working /bin/sh (pointing to
Jan 11 01:33:27 debootstrap: /bin/bash) your link will be overwritten by a default link.
Jan 11 01:33:27 debootstrap: 
Jan 11 01:33:27 debootstrap: If you don't want further upgrades to overwrite your customization, please
Jan 11 01:33:27 debootstrap: read /usr/share/doc/bash/README.Debian.gz for a more permanent solution.
Jan 11 01:33:27 debootstrap: 
Jan 11 01:33:27 debootstrap: [Press RETURN to continue]
Jan 11 01:33:27 debootstrap: Selecting previously deselected package busybox-initramfs.
Jan 11 01:33:27 debootstrap: Unpacking busybox-initramfs (from .../busybox-initramfs_1%3a1.13.3-1ubuntu11_i386.deb) ...
Jan 11 01:33:27 debootstrap: Selecting previously deselected package coreutils.
Jan 11 01:33:27 debootstrap: dpkg: regarding .../coreutils_7.4-2ubuntu2_i386.deb containing coreutils, pre-dependency problem:
Jan 11 01:33:27 debootstrap:  coreutils pre-depends on libacl1 (>= 2.2.11-1)
Jan 11 01:33:27 debootstrap:   libacl1 is unpacked, but has never been configured.
Jan 11 01:33:27 debootstrap: dpkg: warning: ignoring pre-dependency problem!
Jan 11 01:33:27 debootstrap: dpkg: regarding .../coreutils_7.4-2ubuntu2_i386.deb containing coreutils, pre-dependency problem:
Jan 11 01:33:27 debootstrap:  coreutils pre-depends on libattr1 (>= 2.4.41-1)
Jan 11 01:33:27 debootstrap:   libattr1 is unpacked, but has never been configured.
Jan 11 01:33:27 debootstrap: dpkg: warning: ignoring pre-dependency problem!
Jan 11 01:33:27 debootstrap: dpkg: regarding .../coreutils_7.4-2ubuntu2_i386.deb containing coreutils, pre-dependency problem:
Jan 11 01:33:27 debootstrap:  coreutils pre-depends on libselinux1 (>= 1.32)
Jan 11 01:33:27 debootstrap: dpkg: warning: ignoring pre-dependency problem!
Jan 11 01:33:27 debootstrap: Unpacking coreutils (from .../coreutils_7.4-2ubuntu2_i386.deb) ...
Jan 11 01:33:28 debootstrap: Selecting previously deselected package cpio.
Jan 11 01:33:28 debootstrap: Unpacking cpio (from .../cpio_2.10-1ubuntu2_i386.deb) ...
Jan 11 01:33:28 debootstrap: Selecting previously deselected package dash.
Jan 11 01:33:28 debootstrap: Unpacking dash (from .../dash_0.5.5.1-3ubuntu2_i386.deb) ...
Jan 11 01:33:28 debootstrap: Adding `diversion of /bin/sh to /bin/sh.distrib by dash'
Jan 11 01:33:28 debootstrap: Adding `diversion of /usr/share/man/man1/sh.1.gz to /usr/share/man/man1/sh.distrib.1.gz by dash'
Jan 11 01:33:28 debootstrap: Selecting previously deselected package libdb4.8.
Jan 11 01:33:28 debootstrap: Unpacking libdb4.8 (from .../libdb4.8_4.8.24-1ubuntu1_i386.deb) ...
Jan 11 01:33:29 debootstrap: Selecting previously deselected package libdbus-1-3.
Jan 11 01:33:29 debootstrap: Unpacking libdbus-1-3 (from .../libdbus-1-3_1.2.16-2ubuntu4_i386.deb) ...
Jan 11 01:33:29 debootstrap: Selecting previously deselected package debconf-i18n.
Jan 11 01:33:29 debootstrap: Unpacking debconf-i18n (from .../debconf-i18n_1.5.28ubuntu4_all.deb) ...
Jan 11 01:33:29 debootstrap: Preparing to replace debconf 1.5.28ubuntu4 (using .../debconf_1.5.28ubuntu4_all.deb) ...
Jan 11 01:33:29 debootstrap: Unpacking replacement debconf ...
Jan 11 01:33:29 debootstrap: Selecting previously deselected package debianutils.
Jan 11 01:33:29 debootstrap: Unpacking debianutils (from .../debianutils_3.2.2_i386.deb) ...
Jan 11 01:33:30 debootstrap: Selecting previously deselected package diffutils.
Jan 11 01:33:30 debootstrap: Unpacking diffutils (from .../diffutils_1%3a2.8.1-18_i386.deb) ...
Jan 11 01:33:30 debootstrap: dpkg: regarding .../dpkg_1.15.5.6ubuntu4.1_i386.deb containing dpkg, pre-dependency problem:
Jan 11 01:33:30 debootstrap:  dpkg pre-depends on coreutils (>= 5.93-1)
Jan 11 01:33:30 debootstrap:   coreutils is unpacked, but has never been configured.
Jan 11 01:33:30 debootstrap: dpkg: warning: ignoring pre-dependency problem!
Jan 11 01:33:30 debootstrap: dpkg: regarding .../dpkg_1.15.5.6ubuntu4.1_i386.deb containing dpkg, pre-dependency problem:
Jan 11 01:33:30 debootstrap:  dpkg pre-depends on lzma
Jan 11 01:33:30 debootstrap:   lzma is not installed.
Jan 11 01:33:30 debootstrap: dpkg: warning: ignoring pre-dependency problem!
Jan 11 01:33:30 debootstrap: Preparing to replace dpkg 1.15.5.6ubuntu4.1 (using .../dpkg_1.15.5.6ubuntu4.1_i386.deb) ...
